<!DOCTYPE html><html><head>
    <meta charset="utf-8">
    <title>Test</title>

    <link rel="icon" href="favicon/favicon.png" type="image/png">
    <link rel="icon" href="favicon/favicon.svg" sizes="any" type="image/svg+xml">
    <link rel="mask-icon" href="favicon/mask-icon.svg" color="#000">
    <link rel="apple-touch-icon" href="favicon/apple-touch-icon.png">

    <link rel="stylesheet" href="http://ajax.googleapis.com/ajax/libs/jqueryui/1.10.2/themes/ui-lightness/jquery-ui.css?sri-hash">
    <link rel="stylesheet" href="//ajax.googleapis.com/ajax/libs/jqueryui/1.10.2/themes/ui-lightness/jquery-ui.css?sri-hash">
    <style>@font-face {
  font-family: 'FontAwesome';
  src: url('fonts/fontawesome-webfont.eot?v=4.0.3');
}

h1 {
  color: red;
}

.backgroud-test-image {
  width: 1000px;
  height: 200px;
  background: url("img/imouto-logo-large.png");
}

.backgroud-test-svg {
  width: 1000px;
  height: 200px;
  background: url("svg/disable-wysiwyg.svg");
}
</style>
    <style>/* Only this file should be smooshed if `includeTag` is defined. */
body {
  background: gray;
}
</style>
  <style>
    body {
      background-image: url("./svg/disable-wysiwyg.svg");
    }
    body {
      background-image: url("./img/imouto-logo-large.png");
    }
    body {
      background-image: url("./svg/kai.svg");
    }
    body {
      background-image: url("./img/superfeedr.png");
    }
    body {
      background-image: url("./svg/slimpack-bg.svg");
    }
  </style><style data-sri-hash="">
    body {
      background-image: url("data:image/svg+xml;utf8,<svg xmlns='http://www.w3.org/2000/svg' viewBox='0 0 2366 285' enable-background='new 0 0 2366 285'>  <title>Disable WYSIWYG</title>  <g fill='#CB3920'>    <path d='M.5 262.5h285V285H.5zM128 105H.5v127.5H128V105zm-22.5 105H23v-82.5h82.5V210zm52.5 0h127.5v22.5H158zM.5 0h285v22.5H.5zm0 52.5h285V75H.5zM158 105h127.5v22.5H158zm0 52.5h127.5V180H158zM409 247.1h38.3c59.6 0 106.8-31.1 106.8-95.5 0-62.9-48.1-93.5-106-93.5H409v189zm23.6-167.4h8.3c48.1 0 89.7 17.8 89.7 72.9 0 54.9-41.6 72.9-89.7 72.9h-8.3V79.7zm141.3 167.4h22.6V129.8h-22.6v117.3zm11.3-186.7c-8.5 0-15.5 7-15.5 15.8 0 8.5 7 15.3 15.5 15.3s15.5-6.8 15.5-15.3c.1-8.8-7-15.8-15.5-15.8zm103.1 86.4c-6.3-12.8-17.8-20.5-32.1-20.5-19 0-34.6 15-34.6 34.1 0 16 9.5 22.6 22.6 29.6l22.1 11.8c5.3 3.5 8.3 6.5 8.3 12.8 0 10-8.3 16.5-17.8 16.5-10.8 0-16.5-6.3-21.3-15l-19.3 8.8c6.3 16.5 23.6 26.3 40.6 26.3 21.8 0 40.3-16.5 40.3-38.8 0-18.5-13.3-27.1-27.1-33.3-13.8-6.3-27.3-10.8-27.3-21.1 0-6.5 6-11.5 12.3-11.5 6.5 0 12.3 4.5 15 10.3l18.3-10m77.9 84.2c-23.8 0-37.1-20.6-37.1-42.6 0-21.8 13.8-42.1 37.1-42.1 24.3 0 38.1 19.3 38.1 42.1-.1 23.1-13.6 42.6-38.1 42.6zm59.3-101.2H803v19.5h-.5c-9.3-14-23.3-23.1-40.6-23.1-34.1 0-55.4 29.3-55.4 61.4 0 33.6 20.3 63.4 56.1 63.4 16.8 0 30.8-9 39.8-22.3h.5V247h22.6V129.8zM908.2 231c-23.8 0-37.1-20.6-37.1-42.6 0-21.8 13.8-42.1 37.1-42.1 24.3 0 38.1 19.3 38.1 42.1 0 23.1-13.5 42.6-38.1 42.6zm-58.4 16.1h22.6v-18.3h.5c9 13.3 23.3 22.3 39.8 22.3 36.1 0 56.1-29.8 56.1-63.4 0-32.1-21.3-61.4-55.1-61.4-17.5 0-31.6 9-40.8 23.1h-.5V29.5h-22.6v217.6zM988.2 29.5h22.6V247h-22.6V29.5zM1142 192.2v-3.5c0-34.8-17.5-62.4-54.9-62.4-37.8 0-57.1 27.1-57.1 63.2 0 34.6 21.8 61.6 57.6 61.6 22.8 0 43.4-11.8 54.4-32.1l-19-10.8c-8.5 14-17.8 22.8-35.1 22.8-21.6 0-35.1-18.8-35.3-38.8h89.4zm907.2-130.9L1972 254.6 1918.6 116l-53.4 138.6-78.4-196.5h25.6l52.9 135.3 53.4-139.3 53.4 139.3L2025 58.1h49.5l46.4 80.7 46.4-80.7h27.1l-61.6 106.8v82.2H2109v-82.2l-59.8-103.6zm-571.7 0l-77.2 193.3L1347 116l-53.4 138.6-78.4-196.5h25.6l52.9 135.3L1347 54.1l53.4 139.3 52.9-135.3h49.5l46.4 80.7 46.4-80.7h27.1l-61.6 106.8v82.2h-23.6v-82.2l-60-103.6zm-423.7 113.8c2.8-16.8 15.8-29.3 33.3-29.3 18 0 29.6 11.8 32.3 29.3h-65.6zm675.7-92.4c-10.3-18.3-27.6-28.6-48.6-28.6-28.6 0-55.6 18.3-55.6 48.9 0 26.3 19.5 38.6 41.1 47.9l13 5.5c16.3 6.8 32.6 15.5 32.6 35.8 0 19.8-14.5 36.8-34.8 36.8-20.3 0-36.8-15-36.6-35.8l-23.8 5c4 30.3 27.8 52.9 58.4 52.9 33.8 0 60.4-24.6 60.4-58.9 0-31.6-20-46.4-46.9-56.9l-13.5-5.3c-11.8-4.5-26.3-12.3-26.3-27.1 0-16.5 16.5-26.8 31.6-26.8 14.3 0 23.3 6 30.3 17.8l18.7-11.2zm25.5-24.6h23.6v189H1755v-189zm535.7 93.7v21.6h48.9c-1 30.8-32.6 56.1-61.9 56.1-40.8 0-73.4-37.6-73.4-77.2 0-42.4 33.1-76.7 75.4-76.7 23.1 0 45.9 12.3 59.4 30.8l16.5-15.8C2337.1 67.3 2308 54 2278.7 54c-54.4 0-98 44.6-98 99 0 52.4 42.6 98 95.5 98s89.5-39.8 89.5-91.7v-7.5h-75z'/>  </g></svg>");
    }
    body {
      background-image: url("./img/imouto-logo-large.png");
    }
    body {
      background-image: url("data:image/svg+xml;utf8,<svg xmlns='http://www.w3.org/2000/svg' width='2175' height='465' viewBox='0 0 2175 465'><title>Kai Series</title><g fill='#fff'><circle cx='251.112' cy='351.569' r='112.615'/><circle cx='113.355' cy='113.432' r='112.614'/><circle cx='389.645' cy='113.208' r='112.614'/></g><g fill='#F86604'><polygon points='266.188,348.771 254.685,348.771 251.131,337.833 247.577,348.771 236.075,348.771 245.38,355.532 241.826,366.472 251.131,359.711 260.437,366.472 256.882,355.532'/><polygon points='172.7,85.781 161.198,85.781 157.644,74.843 154.089,85.781 142.587,85.781 151.893,92.542 148.338,103.481 157.644,96.721 166.949,103.481 163.395,92.542'/><polygon points='128.431,158.786 116.929,158.786 113.375,147.848 109.82,158.786 98.318,158.786 107.624,165.547 104.069,176.486 113.375,169.726 122.68,176.486 119.125,165.547'/><polygon points='86.492,85.781 74.989,85.781 71.435,74.843 67.881,85.781 56.379,85.781 65.685,92.542 62.13,103.481 71.435,96.721 80.741,103.481 77.186,92.542'/><polygon points='404.721,110.411 393.219,110.411 389.664,99.472 386.11,110.411 374.607,110.411 383.913,117.172 380.359,128.11 389.664,121.35 398.97,128.11 395.415,117.172'/><polygon points='404.721,54.492 393.219,54.492 389.664,43.553 386.11,54.492 374.607,54.492 383.913,61.253 380.359,72.191 389.664,65.432 398.97,72.191 395.415,61.253'/><polygon points='404.721,166.33 393.219,166.33 389.664,155.391 386.11,166.33 374.607,166.33 383.913,173.091 380.359,184.029 389.664,177.269 398.97,184.029 395.415,173.091'/><polygon points='455.203,139.924 443.7,139.924 440.146,128.984 436.593,139.924 425.09,139.924 434.396,146.685 430.841,157.623 440.146,150.862 449.452,157.623 445.897,146.685'/><polygon points='355.015,139.924 343.513,139.924 339.959,128.984 336.404,139.924 324.902,139.924 334.208,146.685 330.653,157.623 339.959,150.862 349.264,157.623 345.709,146.685'/><polygon points='354.238,83.229 342.736,83.229 339.182,72.289 335.628,83.229 324.126,83.229 333.431,89.988 329.877,100.928 339.182,94.167 348.487,100.928 344.933,89.988'/><polygon points='455.203,83.229 443.7,83.229 440.146,72.289 436.593,83.229 425.09,83.229 434.396,89.988 430.841,100.928 440.146,94.167 449.452,100.928 445.897,89.988'/></g><path d='M627.4 219.109l94.033-96.471h48.659l-109.209 109.47 109.835 132.334h-48.815l-86.992-107.59-7.51 7.517v100.073h-36.455v-241.804h36.454v96.471zm317.77 86.605h-103.42l-26.911 58.729h-39.271l119.535-256.995 115.311 256.995h-39.897l-25.347-58.729zm-14.864-34.297l-35.829-82.22-37.55 82.22h73.379zm146.759-148.779v241.804h-36.455v-241.804h36.455zm293.518 35.863l-29.57 17.541c-5.53-9.604-10.796-15.869-15.803-18.793-5.217-3.34-11.945-5.012-20.184-5.012-10.118 0-18.516 2.875-25.189 8.621-6.677 5.643-10.014 12.746-10.014 21.313 0 11.807 8.762 21.313 26.285 28.522l24.095 9.874c19.608 7.943 33.952 17.633 43.026 29.073 9.074 11.442 13.612 25.469 13.612 42.079 0 22.256-7.407 40.645-22.218 55.168-14.917 14.628-33.431 21.939-55.543 21.939-20.966 0-38.281-6.239-51.944-18.722-13.456-12.47-21.854-29.983-25.19-52.535l36.925-8.144c1.667 14.2 4.589 24.015 8.762 29.442 7.51 10.441 18.462 15.661 32.856 15.661 11.368 0 20.81-3.808 28.319-11.423s11.265-17.267 11.265-28.953c0-4.693-.652-8.998-1.955-12.91-1.306-3.913-3.34-7.513-6.103-10.799-2.765-3.286-6.336-6.365-10.717-9.232-4.382-2.868-9.599-5.608-15.646-8.218l-23.312-9.702c-33.066-13.979-49.598-34.429-49.598-61.347 0-18.152 6.936-33.333 20.81-45.539 13.871-12.311 31.135-18.468 51.788-18.468 27.849.003 49.598 13.525 65.243 40.564zm177.119-1.565h-96.849v58.102h94.032v34.297h-94.032v80.811h96.849v34.297h-133.304v-241.805h133.304v34.298zm123.296 104.458l74.788 103.049h-44.592l-68.998-98.977h-6.571v98.977h-36.455v-241.805h42.713c31.918 0 54.969 6.005 69.155 18.01 15.646 13.365 23.469 31.008 23.469 52.934 0 17.124-4.903 31.846-14.707 44.164-9.806 12.32-22.74 20.202-38.802 23.648zm-45.373-27.72h11.578c34.523 0 51.788-13.207 51.788-39.622 0-24.744-16.795-37.116-50.38-37.116h-12.986v76.738zm186.507-111.036v241.804h-36.455v-241.804h36.455zm184.941 34.298h-96.849v58.102h94.032v34.297h-94.032v80.811h96.849v34.297h-133.303v-241.805h133.304l-.001 34.298zm171.649 1.565l-29.57 17.541c-5.53-9.604-10.796-15.869-15.803-18.793-5.217-3.34-11.945-5.012-20.184-5.012-10.118 0-18.516 2.875-25.189 8.621-6.677 5.643-10.014 12.746-10.014 21.313 0 11.807 8.762 21.313 26.285 28.522l24.095 9.874c19.608 7.943 33.952 17.633 43.026 29.073 9.074 11.442 13.612 25.469 13.612 42.079 0 22.256-7.407 40.645-22.218 55.168-14.917 14.628-33.431 21.939-55.543 21.939-20.966 0-38.281-6.239-51.944-18.722-13.456-12.47-21.854-29.983-25.19-52.535l36.925-8.144c1.667 14.2 4.589 24.015 8.762 29.442 7.51 10.441 18.462 15.661 32.856 15.661 11.368 0 20.81-3.808 28.319-11.423s11.265-17.267 11.265-28.953c0-4.693-.652-8.998-1.955-12.91-1.306-3.913-3.34-7.513-6.103-10.799-2.765-3.286-6.336-6.365-10.717-9.232-4.382-2.868-9.599-5.608-15.646-8.218l-23.312-9.702c-33.066-13.979-49.598-34.429-49.598-61.347 0-18.152 6.936-33.333 20.81-45.539 13.871-12.311 31.135-18.468 51.788-18.468 27.849.003 49.597 13.525 65.243 40.564z' fill='#B93B00'/></svg>");
    }
    body {
      background-image: url("./img/superfeedr.png");
    }
    body {
      background-image: url("data:image/svg+xml;utf8,<?xml version='1.0' encoding='UTF-8' standalone='no'?><svg width='1544px' height='479px' viewBox='0 0 1544 479' version='1.1' xmlns='http://www.w3.org/2000/svg' xmlns:xlink='http://www.w3.org/1999/xlink' xmlns:sketch='http://www.bohemiancoding.com/sketch/ns'>    <!-- Generator: Sketch 3.3.3 (12072) - http://www.bohemiancoding.com/sketch -->    <title>banner-bg</title>    <desc>Created with Sketch.</desc>    <defs></defs>    <g id='Page-1' stroke='none' stroke-width='1' fill='none' fill-rule='evenodd' sketch:type='MSPage'>        <g id='banner-bg' sketch:type='MSLayerGroup' transform='translate(0.000000, -21.000000)'>            <g id='back' transform='translate(-165.000000, 81.000000)' fill='#F2761A' sketch:type='MSShapeGroup'>                <circle id='Oval-5' cx='164' cy='214' r='164'></circle>                <circle id='Oval-5-Copy' cx='328.5' cy='312.5' r='226.5'></circle>                <circle id='Oval-5-Copy-2' cx='624.5' cy='268.5' r='162.5'></circle>                <circle id='Oval-5-Copy-3' cx='1493' cy='344' r='167'></circle>                <circle id='Oval-5-Copy-4' cx='1222' cy='268' r='212'></circle>                <circle id='Oval-5-Copy-5' cx='899.5' cy='353.5' r='248.5'></circle>                <circle id='Oval-5-Copy-6' cx='1837' cy='344' r='344'></circle>            </g>            <g id='front' transform='translate(-165.000000, 179.000000)' fill='#F9F9F9' sketch:type='MSShapeGroup'>                <circle id='Oval-5' cx='164' cy='227' r='164'></circle>                <circle id='Oval-5-Copy' cx='364.5' cy='226.5' r='226.5'></circle>                <circle id='Oval-5-Copy-2' cx='590.5' cy='264.5' r='142.5'></circle>                <circle id='Oval-5-Copy-3' cx='1379.5' cy='260.5' r='113.5'></circle>                <circle id='Oval-5-Copy-4' cx='1169' cy='265' r='168'></circle>                <circle id='Oval-5-Copy-5' cx='820' cy='363' r='291'></circle>                <circle id='Oval-5-Copy-6' cx='1724' cy='407' r='344'></circle>            </g>            <g id='hero' transform='translate(981.000000, 82.000000)' sketch:type='MSShapeGroup'>                <path d='M0,263.678781 L0,302 L14.3688119,302 L215,101.079719 L188.923267,75 L0,263.678781 Z' id='Shape-Copy-3' fill='#FFFFFF'></path>                <path d='M207.90566,45.7802341 L177,76.8179454 L185.981132,85.8374512 L193.113208,93 L233,52.9427828 L225.867925,45.7802341 C220.849057,40.739922 212.924528,40.739922 207.90566,45.7802341 L207.90566,45.7802341 Z' id='Shape-Copy' fill='#C86715'></path>                <path d='M291.702364,0.266066838 C288.248957,0.266066838 285.59249,2.92673522 285.59249,6.38560411 L285.59249,10.3766067 L270.981919,17.8264781 C263.278164,21.5514139 256.902643,27.4048843 252.121001,34.3226221 L245.74548,27.937018 L240.698192,32.9922879 C238.838665,34.8547558 235.916551,34.8547558 234.057024,32.9922879 L231.93185,30.8637532 C230.869263,29.7994859 230.869263,28.4691517 231.93185,27.4048843 L238.573018,20.7532134 C234.853964,17.8264781 229.541029,18.092545 226.087622,21.5514139 L214.133519,33.5244216 L226.353268,45.7634961 C217.852573,47.625964 210.414465,53.4794344 206.69541,61.4614396 L193.944367,87.5359897 C183.849791,91.2609254 175.614743,99.7750643 172.161335,110.417738 L162.066759,141.015424 L159.941586,142.079692 C149.05007,147.667095 140.018081,156.447301 134.439499,167.622108 L126.735744,183.320051 L120.891516,181.989717 C118.500695,181.457584 115.844228,182.787918 115.312935,185.448586 L110,207 L120.094576,196.88946 L130.986092,185.98072 L132.048679,184.916452 L155.159944,161.768638 L188.631433,127.712082 L189.959666,126.381748 C191.819193,127.712082 193.67872,128.77635 195.803894,129.57455 L223.696801,142.079692 C216.258693,143.410026 209.086231,146.070694 202.710709,150.061697 L188.100139,159.374036 L184.115438,155.383033 C182.521558,153.786632 179.86509,153.786632 178.27121,155.383033 L163.129346,170.548843 L175.614743,167.622108 L221.571627,156.447301 L232.463143,153.786632 C234.588317,153.254499 236.447844,152.190231 238.041725,150.59383 C242.292072,146.336761 242.823366,138.620823 238.041725,133.83162 L210.148818,106.426735 L218.649513,100.041131 L251.855355,100.041131 C253.449235,100.041131 255.043115,99.2429306 255.840056,97.9125964 C256.371349,97.1143959 256.636996,96.0501285 256.636996,94.9858612 L256.636996,90.1966581 C256.636996,88.6002571 255.308762,87.5359897 253.980529,87.5359897 L249.198887,87.5359897 C246.54242,87.5359897 244.151599,89.6645244 244.151599,92.5912596 L244.151599,94.1876607 L234.853964,90.9948586 L231.666203,90.1966581 L235.385257,87.5359897 C241.495132,83.0128535 244.94854,75.8290488 244.94854,68.3791774 L244.94854,56.1401028 L268.059805,32.9922879 L285.326843,15.6979434 L296.218359,4.78920308 L301,-1.42108547e-14 L291.702364,0.266066838 L291.702364,0.266066838 Z M233.52573,54.8097686 L233.52573,54.5437018 L233.52573,54.8097686 L233.52573,54.8097686 Z' id='Shape-Copy-2' fill='#471305'></path>            </g>            <g id='frontmost' transform='translate(-165.000000, 263.000000)' fill='#FFFFFF' sketch:type='MSShapeGroup'>                <circle id='Oval-5' cx='236.5' cy='236.5' r='236.5'></circle>                <circle id='Oval-5-Copy' cx='513.5' cy='200.5' r='127.5'></circle>                <circle id='Oval-5-Copy-3' cx='1302.5' cy='234.5' r='113.5'></circle>                <circle id='Oval-5-Copy-4' cx='1056.5' cy='234.5' r='185.5'></circle>                <circle id='Oval-5-Copy-5' cx='766' cy='412' r='291'></circle>                <circle id='Oval-5-Copy-6' cx='1519.5' cy='348.5' r='216.5'></circle>            </g>            <g id='decos' transform='translate(567.000000, 21.000000)' sketch:type='MSShapeGroup'>                <circle id='Oval-Copy' fill='#C86715' cx='687.5' cy='14.5' r='5.5'></circle>                <circle id='Oval-Copy-2' fill='#FFFFFF' cx='347.5' cy='236.5' r='9.5'></circle>                <circle id='Oval-Copy-5' fill='#FFFFFF' cx='18.5' cy='114.5' r='18.5'></circle>                <circle id='Oval-Copy-4' fill='#FFDF00' cx='702.5' cy='180.5' r='9.5'></circle>                <path d='M539.442029,26.442029 L554,20.5 L539.442029,14.557971 L533.5,3.55271368e-15 L527.855072,14.557971 L513,20.5 L527.855072,26.442029 L533.5,41 L539.442029,26.442029 Z' id='Shape-Copy-4' fill='#FFDF00'></path>                <path d='M97.6376812,215.637681 L109,211 L97.6376812,206.362319 L93,195 L88.5942029,206.362319 L77,211 L88.5942029,215.637681 L93,227 L97.6376812,215.637681 Z' id='Shape-Copy-6' fill='#C86715'></path>                <path d='M872.820084,186.314528 L879,171.87024 L864.580195,178.060649 L850.160391,171.87024 L856.340307,186.314528 L850.160391,200.464034 L864.580195,194.273625 L879,200.464034 L872.820084,186.314528 Z M490.185495,125.317348 L494.894003,115 L484.299861,119.421721 L474,115 L478.414226,125.317348 L474,135.929478 L484.299861,131.212976 L494.894003,135.929478 L490.185495,125.317348 Z M781.228731,239.220028 L788.291492,236.272214 L781.228731,233.619182 L778.580195,226.544429 L775.93166,233.619182 L768.868898,236.272214 L775.93166,239.220028 L778.580195,246 L781.228731,239.220028 Z' id='Shape-Copy-5' fill='#FFFFFF'></path>                <circle id='Oval-Copy-3' fill='#C86715' cx='715' cy='300' r='19'></circle>            </g>        </g>    </g></svg>");
    }
  </style></head>





  <body>
    <h1>grunt-sri-hash</h1>

    <p onclick="alert(&quot;test&quot;)">Hello world! This is a test.</p>

    <p>'../php_includes/googleTracking.php'</p>

    <!--?php
    //google tracking code
    include '../php_includes/googleTracking.php';
    ?-->

    <h2>This is a background image</h2>
    <div class="backgroud-test-image"></div>

    <h2>This is a SVG background</h2>
    <div class="backgroud-test-svg"></div>

    <h2>This is an image not inlined when inlineImgFileLimit is set</h2>
    <img src="img/imouto-logo-large.png">

    <h2>This is an image</h2>
    <img src="img/superfeedr.png">

    <h2>This is a SVG image</h2>
    <img src="data:image/svg+xml;utf8,<svg xmlns='http://www.w3.org/2000/svg' viewBox='0 0 2366 285' enable-background='new 0 0 2366 285'>  <title>Disable WYSIWYG</title>  <g fill='#CB3920'>    <path d='M.5 262.5h285V285H.5zM128 105H.5v127.5H128V105zm-22.5 105H23v-82.5h82.5V210zm52.5 0h127.5v22.5H158zM.5 0h285v22.5H.5zm0 52.5h285V75H.5zM158 105h127.5v22.5H158zm0 52.5h127.5V180H158zM409 247.1h38.3c59.6 0 106.8-31.1 106.8-95.5 0-62.9-48.1-93.5-106-93.5H409v189zm23.6-167.4h8.3c48.1 0 89.7 17.8 89.7 72.9 0 54.9-41.6 72.9-89.7 72.9h-8.3V79.7zm141.3 167.4h22.6V129.8h-22.6v117.3zm11.3-186.7c-8.5 0-15.5 7-15.5 15.8 0 8.5 7 15.3 15.5 15.3s15.5-6.8 15.5-15.3c.1-8.8-7-15.8-15.5-15.8zm103.1 86.4c-6.3-12.8-17.8-20.5-32.1-20.5-19 0-34.6 15-34.6 34.1 0 16 9.5 22.6 22.6 29.6l22.1 11.8c5.3 3.5 8.3 6.5 8.3 12.8 0 10-8.3 16.5-17.8 16.5-10.8 0-16.5-6.3-21.3-15l-19.3 8.8c6.3 16.5 23.6 26.3 40.6 26.3 21.8 0 40.3-16.5 40.3-38.8 0-18.5-13.3-27.1-27.1-33.3-13.8-6.3-27.3-10.8-27.3-21.1 0-6.5 6-11.5 12.3-11.5 6.5 0 12.3 4.5 15 10.3l18.3-10m77.9 84.2c-23.8 0-37.1-20.6-37.1-42.6 0-21.8 13.8-42.1 37.1-42.1 24.3 0 38.1 19.3 38.1 42.1-.1 23.1-13.6 42.6-38.1 42.6zm59.3-101.2H803v19.5h-.5c-9.3-14-23.3-23.1-40.6-23.1-34.1 0-55.4 29.3-55.4 61.4 0 33.6 20.3 63.4 56.1 63.4 16.8 0 30.8-9 39.8-22.3h.5V247h22.6V129.8zM908.2 231c-23.8 0-37.1-20.6-37.1-42.6 0-21.8 13.8-42.1 37.1-42.1 24.3 0 38.1 19.3 38.1 42.1 0 23.1-13.5 42.6-38.1 42.6zm-58.4 16.1h22.6v-18.3h.5c9 13.3 23.3 22.3 39.8 22.3 36.1 0 56.1-29.8 56.1-63.4 0-32.1-21.3-61.4-55.1-61.4-17.5 0-31.6 9-40.8 23.1h-.5V29.5h-22.6v217.6zM988.2 29.5h22.6V247h-22.6V29.5zM1142 192.2v-3.5c0-34.8-17.5-62.4-54.9-62.4-37.8 0-57.1 27.1-57.1 63.2 0 34.6 21.8 61.6 57.6 61.6 22.8 0 43.4-11.8 54.4-32.1l-19-10.8c-8.5 14-17.8 22.8-35.1 22.8-21.6 0-35.1-18.8-35.3-38.8h89.4zm907.2-130.9L1972 254.6 1918.6 116l-53.4 138.6-78.4-196.5h25.6l52.9 135.3 53.4-139.3 53.4 139.3L2025 58.1h49.5l46.4 80.7 46.4-80.7h27.1l-61.6 106.8v82.2H2109v-82.2l-59.8-103.6zm-571.7 0l-77.2 193.3L1347 116l-53.4 138.6-78.4-196.5h25.6l52.9 135.3L1347 54.1l53.4 139.3 52.9-135.3h49.5l46.4 80.7 46.4-80.7h27.1l-61.6 106.8v82.2h-23.6v-82.2l-60-103.6zm-423.7 113.8c2.8-16.8 15.8-29.3 33.3-29.3 18 0 29.6 11.8 32.3 29.3h-65.6zm675.7-92.4c-10.3-18.3-27.6-28.6-48.6-28.6-28.6 0-55.6 18.3-55.6 48.9 0 26.3 19.5 38.6 41.1 47.9l13 5.5c16.3 6.8 32.6 15.5 32.6 35.8 0 19.8-14.5 36.8-34.8 36.8-20.3 0-36.8-15-36.6-35.8l-23.8 5c4 30.3 27.8 52.9 58.4 52.9 33.8 0 60.4-24.6 60.4-58.9 0-31.6-20-46.4-46.9-56.9l-13.5-5.3c-11.8-4.5-26.3-12.3-26.3-27.1 0-16.5 16.5-26.8 31.6-26.8 14.3 0 23.3 6 30.3 17.8l18.7-11.2zm25.5-24.6h23.6v189H1755v-189zm535.7 93.7v21.6h48.9c-1 30.8-32.6 56.1-61.9 56.1-40.8 0-73.4-37.6-73.4-77.2 0-42.4 33.1-76.7 75.4-76.7 23.1 0 45.9 12.3 59.4 30.8l16.5-15.8C2337.1 67.3 2308 54 2278.7 54c-54.4 0-98 44.6-98 99 0 52.4 42.6 98 95.5 98s89.5-39.8 89.5-91.7v-7.5h-75z'/>  </g></svg>">

    <svg width="60px" height="52px" viewBox="0 0 60 52" version="1.1" xmlns="http://www.w3.org/2000/svg" xmlns:xlink="http://www.w3.org/1999/xlink">
      <!-- Generator: Sketch 50.2 (55047) - http://www.bohemiancoding.com/sketch -->
        <title>icon-product-bayesgear</title>
        <desc>Created with Sketch.</desc>
        <defs></defs>
        <g id="Page-1" stroke="none" stroke-width="1" fill="none" fill-rule="evenodd" fill-opacity="0.5">
            <g id="Homepage-#8" transform="translate(-685.000000, -719.000000)" fill="#000000">
                <g id="product-1-copy" transform="translate(653.000000, 695.000000)">
                    <g id="icon-product-bayesgear" transform="translate(32.000000, 24.000000)">
                        <polygon id="slice-1" points="0 37.7956508 35.6454255 25.8461403 59.6392526 39.2743701 23.9938271 51.2238806"></polygon>
                        <polygon id="slice-2" points="0 29.2583374 35.6454255 17.3088268 59.6392526 30.7370566 23.9938271 42.6865672"></polygon>
                        <polygon id="slice-3" points="0 20.7210239 35.6454255 8.77151339 59.6392526 22.1997432 23.9938271 34.1492537"></polygon>
                        <polygon id="slice-4" points="0 12.1837105 35.6454255 0.234199955 59.6392526 13.6624298 23.9938271 25.6119403"></polygon>
                    </g>
                </g>
            </g>
        </g>
    </svg>

    <script src="http://ajax.googleapis.com/ajax/libs/jquery/1.9.1/jquery.min.js?sri-hash"></script>
    <script src="//ajax.googleapis.com/ajax/libs/jquery/1.9.1/jquery.min.js?sri-hash"></script>
    <script>console.log('This should not be replaced.');</script>
    <script>var appFunc = function(i) {
  return i;
  console.log("This is an uncompressed JS code")
};

console.log('lol i am test script, really');
</script>
    <script>var inlineFunc = function(i) {
  return i;
  console.log("This is an uncompressed JS code")
};

console.log("Only this file should be smooshed if `includeTag` is defined.");
</script>


</body></html>
