<!DOCTYPE html><html><head>
    <meta charset="utf-8">
    <title>Test</title>

    <link rel="icon" href="favicon/favicon.png" type="image/png">
    <link rel="icon" href="favicon/favicon.svg" sizes="any" type="image/svg+xml">
    <link rel="mask-icon" href="favicon/mask-icon.svg" color="#000">
    <link rel="apple-touch-icon" href="favicon/apple-touch-icon.png">

    <link rel="stylesheet" href="http://ajax.googleapis.com/ajax/libs/jqueryui/1.10.2/themes/ui-lightness/jquery-ui.css?sri-hash">
    <link rel="stylesheet" href="//ajax.googleapis.com/ajax/libs/jqueryui/1.10.2/themes/ui-lightness/jquery-ui.css?sri-hash">
    <style>@font-face {
  font-family: 'FontAwesome';
  src: url('fonts/fontawesome-webfont.eot?v=4.0.3');
}

h1 {
  color: red;
}

.backgroud-test-image {
  width: 1000px;
  height: 200px;
  background: url("img/imouto-logo-large.png");
}

.backgroud-test-svg {
  width: 1000px;
  height: 200px;
  background: url("svg/disable-wysiwyg.svg");
}
</style>
    <style>/* Only this file should be smooshed if `includeTag` is defined. */
body {
  background: gray;
}
</style>
  <style>
    body {
      background-image: url("./svg/disable-wysiwyg.svg");
    }
    body {
      background-image: url("./img/imouto-logo-large.png");
    }
    body {
      background-image: url("./svg/kai.svg");
    }
    body {
      background-image: url("./img/superfeedr.png");
    }
    body {
      background-image: url("./svg/slimpack-bg.svg");
    }
  </style><style data-sri-hash="">
    body {
      background-image: url("data:image/svg+xml;base64,PHN2ZyB4bWxucz0iaHR0cDovL3d3dy53My5vcmcvMjAwMC9zdmciIHZpZXdCb3g9IjAgMCAyMzY2IDI4NSIgZW5hYmxlLWJhY2tncm91bmQ9Im5ldyAwIDAgMjM2NiAyODUiPgogIDx0aXRsZT5EaXNhYmxlIFdZU0lXWUc8L3RpdGxlPgogIDxnIGZpbGw9IiNDQjM5MjAiPgogICAgPHBhdGggZD0iTS41IDI2Mi41aDI4NVYyODVILjV6TTEyOCAxMDVILjV2MTI3LjVIMTI4VjEwNXptLTIyLjUgMTA1SDIzdi04Mi41aDgyLjVWMjEwem01Mi41IDBoMTI3LjV2MjIuNUgxNTh6TS41IDBoMjg1djIyLjVILjV6bTAgNTIuNWgyODVWNzVILjV6TTE1OCAxMDVoMTI3LjV2MjIuNUgxNTh6bTAgNTIuNWgxMjcuNVYxODBIMTU4ek00MDkgMjQ3LjFoMzguM2M1OS42IDAgMTA2LjgtMzEuMSAxMDYuOC05NS41IDAtNjIuOS00OC4xLTkzLjUtMTA2LTkzLjVINDA5djE4OXptMjMuNi0xNjcuNGg4LjNjNDguMSAwIDg5LjcgMTcuOCA4OS43IDcyLjkgMCA1NC45LTQxLjYgNzIuOS04OS43IDcyLjloLTguM1Y3OS43em0xNDEuMyAxNjcuNGgyMi42VjEyOS44aC0yMi42djExNy4zem0xMS4zLTE4Ni43Yy04LjUgMC0xNS41IDctMTUuNSAxNS44IDAgOC41IDcgMTUuMyAxNS41IDE1LjNzMTUuNS02LjggMTUuNS0xNS4zYy4xLTguOC03LTE1LjgtMTUuNS0xNS44em0xMDMuMSA4Ni40Yy02LjMtMTIuOC0xNy44LTIwLjUtMzIuMS0yMC41LTE5IDAtMzQuNiAxNS0zNC42IDM0LjEgMCAxNiA5LjUgMjIuNiAyMi42IDI5LjZsMjIuMSAxMS44YzUuMyAzLjUgOC4zIDYuNSA4LjMgMTIuOCAwIDEwLTguMyAxNi41LTE3LjggMTYuNS0xMC44IDAtMTYuNS02LjMtMjEuMy0xNWwtMTkuMyA4LjhjNi4zIDE2LjUgMjMuNiAyNi4zIDQwLjYgMjYuMyAyMS44IDAgNDAuMy0xNi41IDQwLjMtMzguOCAwLTE4LjUtMTMuMy0yNy4xLTI3LjEtMzMuMy0xMy44LTYuMy0yNy4zLTEwLjgtMjcuMy0yMS4xIDAtNi41IDYtMTEuNSAxMi4zLTExLjUgNi41IDAgMTIuMyA0LjUgMTUgMTAuM2wxOC4zLTEwbTc3LjkgODQuMmMtMjMuOCAwLTM3LjEtMjAuNi0zNy4xLTQyLjYgMC0yMS44IDEzLjgtNDIuMSAzNy4xLTQyLjEgMjQuMyAwIDM4LjEgMTkuMyAzOC4xIDQyLjEtLjEgMjMuMS0xMy42IDQyLjYtMzguMSA0Mi42em01OS4zLTEwMS4ySDgwM3YxOS41aC0uNWMtOS4zLTE0LTIzLjMtMjMuMS00MC42LTIzLjEtMzQuMSAwLTU1LjQgMjkuMy01NS40IDYxLjQgMCAzMy42IDIwLjMgNjMuNCA1Ni4xIDYzLjQgMTYuOCAwIDMwLjgtOSAzOS44LTIyLjNoLjVWMjQ3aDIyLjZWMTI5Ljh6TTkwOC4yIDIzMWMtMjMuOCAwLTM3LjEtMjAuNi0zNy4xLTQyLjYgMC0yMS44IDEzLjgtNDIuMSAzNy4xLTQyLjEgMjQuMyAwIDM4LjEgMTkuMyAzOC4xIDQyLjEgMCAyMy4xLTEzLjUgNDIuNi0zOC4xIDQyLjZ6bS01OC40IDE2LjFoMjIuNnYtMTguM2guNWM5IDEzLjMgMjMuMyAyMi4zIDM5LjggMjIuMyAzNi4xIDAgNTYuMS0yOS44IDU2LjEtNjMuNCAwLTMyLjEtMjEuMy02MS40LTU1LjEtNjEuNC0xNy41IDAtMzEuNiA5LTQwLjggMjMuMWgtLjVWMjkuNWgtMjIuNnYyMTcuNnpNOTg4LjIgMjkuNWgyMi42VjI0N2gtMjIuNlYyOS41ek0xMTQyIDE5Mi4ydi0zLjVjMC0zNC44LTE3LjUtNjIuNC01NC45LTYyLjQtMzcuOCAwLTU3LjEgMjcuMS01Ny4xIDYzLjIgMCAzNC42IDIxLjggNjEuNiA1Ny42IDYxLjYgMjIuOCAwIDQzLjQtMTEuOCA1NC40LTMyLjFsLTE5LTEwLjhjLTguNSAxNC0xNy44IDIyLjgtMzUuMSAyMi44LTIxLjYgMC0zNS4xLTE4LjgtMzUuMy0zOC44aDg5LjR6bTkwNy4yLTEzMC45TDE5NzIgMjU0LjYgMTkxOC42IDExNmwtNTMuNCAxMzguNi03OC40LTE5Ni41aDI1LjZsNTIuOSAxMzUuMyA1My40LTEzOS4zIDUzLjQgMTM5LjNMMjAyNSA1OC4xaDQ5LjVsNDYuNCA4MC43IDQ2LjQtODAuN2gyNy4xbC02MS42IDEwNi44djgyLjJIMjEwOXYtODIuMmwtNTkuOC0xMDMuNnptLTU3MS43IDBsLTc3LjIgMTkzLjNMMTM0NyAxMTZsLTUzLjQgMTM4LjYtNzguNC0xOTYuNWgyNS42bDUyLjkgMTM1LjNMMTM0NyA1NC4xbDUzLjQgMTM5LjMgNTIuOS0xMzUuM2g0OS41bDQ2LjQgODAuNyA0Ni40LTgwLjdoMjcuMWwtNjEuNiAxMDYuOHY4Mi4yaC0yMy42di04Mi4ybC02MC0xMDMuNnptLTQyMy43IDExMy44YzIuOC0xNi44IDE1LjgtMjkuMyAzMy4zLTI5LjMgMTggMCAyOS42IDExLjggMzIuMyAyOS4zaC02NS42em02NzUuNy05Mi40Yy0xMC4zLTE4LjMtMjcuNi0yOC42LTQ4LjYtMjguNi0yOC42IDAtNTUuNiAxOC4zLTU1LjYgNDguOSAwIDI2LjMgMTkuNSAzOC42IDQxLjEgNDcuOWwxMyA1LjVjMTYuMyA2LjggMzIuNiAxNS41IDMyLjYgMzUuOCAwIDE5LjgtMTQuNSAzNi44LTM0LjggMzYuOC0yMC4zIDAtMzYuOC0xNS0zNi42LTM1LjhsLTIzLjggNWM0IDMwLjMgMjcuOCA1Mi45IDU4LjQgNTIuOSAzMy44IDAgNjAuNC0yNC42IDYwLjQtNTguOSAwLTMxLjYtMjAtNDYuNC00Ni45LTU2LjlsLTEzLjUtNS4zYy0xMS44LTQuNS0yNi4zLTEyLjMtMjYuMy0yNy4xIDAtMTYuNSAxNi41LTI2LjggMzEuNi0yNi44IDE0LjMgMCAyMy4zIDYgMzAuMyAxNy44bDE4LjctMTEuMnptMjUuNS0yNC42aDIzLjZ2MTg5SDE3NTV2LTE4OXptNTM1LjcgOTMuN3YyMS42aDQ4LjljLTEgMzAuOC0zMi42IDU2LjEtNjEuOSA1Ni4xLTQwLjggMC03My40LTM3LjYtNzMuNC03Ny4yIDAtNDIuNCAzMy4xLTc2LjcgNzUuNC03Ni43IDIzLjEgMCA0NS45IDEyLjMgNTkuNCAzMC44bDE2LjUtMTUuOEMyMzM3LjEgNjcuMyAyMzA4IDU0IDIyNzguNyA1NGMtNTQuNCAwLTk4IDQ0LjYtOTggOTkgMCA1Mi40IDQyLjYgOTggOTUuNSA5OHM4OS41LTM5LjggODkuNS05MS43di03LjVoLTc1eiIvPgogIDwvZz4KPC9zdmc+Cg==");
    }
    body {
      background-image: url("./img/imouto-logo-large.png");
    }
    body {
      background-image: url("data:image/svg+xml;base64,PHN2ZyB4bWxucz0iaHR0cDovL3d3dy53My5vcmcvMjAwMC9zdmciIHdpZHRoPSIyMTc1IiBoZWlnaHQ9IjQ2NSIgdmlld0JveD0iMCAwIDIxNzUgNDY1Ij48dGl0bGU+S2FpIFNlcmllczwvdGl0bGU+PGcgZmlsbD0iI2ZmZiI+PGNpcmNsZSBjeD0iMjUxLjExMiIgY3k9IjM1MS41NjkiIHI9IjExMi42MTUiLz48Y2lyY2xlIGN4PSIxMTMuMzU1IiBjeT0iMTEzLjQzMiIgcj0iMTEyLjYxNCIvPjxjaXJjbGUgY3g9IjM4OS42NDUiIGN5PSIxMTMuMjA4IiByPSIxMTIuNjE0Ii8+PC9nPjxnIGZpbGw9IiNGODY2MDQiPjxwb2x5Z29uIHBvaW50cz0iMjY2LjE4OCwzNDguNzcxIDI1NC42ODUsMzQ4Ljc3MSAyNTEuMTMxLDMzNy44MzMgMjQ3LjU3NywzNDguNzcxIDIzNi4wNzUsMzQ4Ljc3MSAyNDUuMzgsMzU1LjUzMiAyNDEuODI2LDM2Ni40NzIgMjUxLjEzMSwzNTkuNzExIDI2MC40MzcsMzY2LjQ3MiAyNTYuODgyLDM1NS41MzIiLz48cG9seWdvbiBwb2ludHM9IjE3Mi43LDg1Ljc4MSAxNjEuMTk4LDg1Ljc4MSAxNTcuNjQ0LDc0Ljg0MyAxNTQuMDg5LDg1Ljc4MSAxNDIuNTg3LDg1Ljc4MSAxNTEuODkzLDkyLjU0MiAxNDguMzM4LDEwMy40ODEgMTU3LjY0NCw5Ni43MjEgMTY2Ljk0OSwxMDMuNDgxIDE2My4zOTUsOTIuNTQyIi8+PHBvbHlnb24gcG9pbnRzPSIxMjguNDMxLDE1OC43ODYgMTE2LjkyOSwxNTguNzg2IDExMy4zNzUsMTQ3Ljg0OCAxMDkuODIsMTU4Ljc4NiA5OC4zMTgsMTU4Ljc4NiAxMDcuNjI0LDE2NS41NDcgMTA0LjA2OSwxNzYuNDg2IDExMy4zNzUsMTY5LjcyNiAxMjIuNjgsMTc2LjQ4NiAxMTkuMTI1LDE2NS41NDciLz48cG9seWdvbiBwb2ludHM9Ijg2LjQ5Miw4NS43ODEgNzQuOTg5LDg1Ljc4MSA3MS40MzUsNzQuODQzIDY3Ljg4MSw4NS43ODEgNTYuMzc5LDg1Ljc4MSA2NS42ODUsOTIuNTQyIDYyLjEzLDEwMy40ODEgNzEuNDM1LDk2LjcyMSA4MC43NDEsMTAzLjQ4MSA3Ny4xODYsOTIuNTQyIi8+PHBvbHlnb24gcG9pbnRzPSI0MDQuNzIxLDExMC40MTEgMzkzLjIxOSwxMTAuNDExIDM4OS42NjQsOTkuNDcyIDM4Ni4xMSwxMTAuNDExIDM3NC42MDcsMTEwLjQxMSAzODMuOTEzLDExNy4xNzIgMzgwLjM1OSwxMjguMTEgMzg5LjY2NCwxMjEuMzUgMzk4Ljk3LDEyOC4xMSAzOTUuNDE1LDExNy4xNzIiLz48cG9seWdvbiBwb2ludHM9IjQwNC43MjEsNTQuNDkyIDM5My4yMTksNTQuNDkyIDM4OS42NjQsNDMuNTUzIDM4Ni4xMSw1NC40OTIgMzc0LjYwNyw1NC40OTIgMzgzLjkxMyw2MS4yNTMgMzgwLjM1OSw3Mi4xOTEgMzg5LjY2NCw2NS40MzIgMzk4Ljk3LDcyLjE5MSAzOTUuNDE1LDYxLjI1MyIvPjxwb2x5Z29uIHBvaW50cz0iNDA0LjcyMSwxNjYuMzMgMzkzLjIxOSwxNjYuMzMgMzg5LjY2NCwxNTUuMzkxIDM4Ni4xMSwxNjYuMzMgMzc0LjYwNywxNjYuMzMgMzgzLjkxMywxNzMuMDkxIDM4MC4zNTksMTg0LjAyOSAzODkuNjY0LDE3Ny4yNjkgMzk4Ljk3LDE4NC4wMjkgMzk1LjQxNSwxNzMuMDkxIi8+PHBvbHlnb24gcG9pbnRzPSI0NTUuMjAzLDEzOS45MjQgNDQzLjcsMTM5LjkyNCA0NDAuMTQ2LDEyOC45ODQgNDM2LjU5MywxMzkuOTI0IDQyNS4wOSwxMzkuOTI0IDQzNC4zOTYsMTQ2LjY4NSA0MzAuODQxLDE1Ny42MjMgNDQwLjE0NiwxNTAuODYyIDQ0OS40NTIsMTU3LjYyMyA0NDUuODk3LDE0Ni42ODUiLz48cG9seWdvbiBwb2ludHM9IjM1NS4wMTUsMTM5LjkyNCAzNDMuNTEzLDEzOS45MjQgMzM5Ljk1OSwxMjguOTg0IDMzNi40MDQsMTM5LjkyNCAzMjQuOTAyLDEzOS45MjQgMzM0LjIwOCwxNDYuNjg1IDMzMC42NTMsMTU3LjYyMyAzMzkuOTU5LDE1MC44NjIgMzQ5LjI2NCwxNTcuNjIzIDM0NS43MDksMTQ2LjY4NSIvPjxwb2x5Z29uIHBvaW50cz0iMzU0LjIzOCw4My4yMjkgMzQyLjczNiw4My4yMjkgMzM5LjE4Miw3Mi4yODkgMzM1LjYyOCw4My4yMjkgMzI0LjEyNiw4My4yMjkgMzMzLjQzMSw4OS45ODggMzI5Ljg3NywxMDAuOTI4IDMzOS4xODIsOTQuMTY3IDM0OC40ODcsMTAwLjkyOCAzNDQuOTMzLDg5Ljk4OCIvPjxwb2x5Z29uIHBvaW50cz0iNDU1LjIwMyw4My4yMjkgNDQzLjcsODMuMjI5IDQ0MC4xNDYsNzIuMjg5IDQzNi41OTMsODMuMjI5IDQyNS4wOSw4My4yMjkgNDM0LjM5Niw4OS45ODggNDMwLjg0MSwxMDAuOTI4IDQ0MC4xNDYsOTQuMTY3IDQ0OS40NTIsMTAwLjkyOCA0NDUuODk3LDg5Ljk4OCIvPjwvZz48cGF0aCBkPSJNNjI3LjQgMjE5LjEwOWw5NC4wMzMtOTYuNDcxaDQ4LjY1OWwtMTA5LjIwOSAxMDkuNDcgMTA5LjgzNSAxMzIuMzM0aC00OC44MTVsLTg2Ljk5Mi0xMDcuNTktNy41MSA3LjUxN3YxMDAuMDczaC0zNi40NTV2LTI0MS44MDRoMzYuNDU0djk2LjQ3MXptMzE3Ljc3IDg2LjYwNWgtMTAzLjQybC0yNi45MTEgNTguNzI5aC0zOS4yNzFsMTE5LjUzNS0yNTYuOTk1IDExNS4zMTEgMjU2Ljk5NWgtMzkuODk3bC0yNS4zNDctNTguNzI5em0tMTQuODY0LTM0LjI5N2wtMzUuODI5LTgyLjIyLTM3LjU1IDgyLjIyaDczLjM3OXptMTQ2Ljc1OS0xNDguNzc5djI0MS44MDRoLTM2LjQ1NXYtMjQxLjgwNGgzNi40NTV6bTI5My41MTggMzUuODYzbC0yOS41NyAxNy41NDFjLTUuNTMtOS42MDQtMTAuNzk2LTE1Ljg2OS0xNS44MDMtMTguNzkzLTUuMjE3LTMuMzQtMTEuOTQ1LTUuMDEyLTIwLjE4NC01LjAxMi0xMC4xMTggMC0xOC41MTYgMi44NzUtMjUuMTg5IDguNjIxLTYuNjc3IDUuNjQzLTEwLjAxNCAxMi43NDYtMTAuMDE0IDIxLjMxMyAwIDExLjgwNyA4Ljc2MiAyMS4zMTMgMjYuMjg1IDI4LjUyMmwyNC4wOTUgOS44NzRjMTkuNjA4IDcuOTQzIDMzLjk1MiAxNy42MzMgNDMuMDI2IDI5LjA3MyA5LjA3NCAxMS40NDIgMTMuNjEyIDI1LjQ2OSAxMy42MTIgNDIuMDc5IDAgMjIuMjU2LTcuNDA3IDQwLjY0NS0yMi4yMTggNTUuMTY4LTE0LjkxNyAxNC42MjgtMzMuNDMxIDIxLjkzOS01NS41NDMgMjEuOTM5LTIwLjk2NiAwLTM4LjI4MS02LjIzOS01MS45NDQtMTguNzIyLTEzLjQ1Ni0xMi40Ny0yMS44NTQtMjkuOTgzLTI1LjE5LTUyLjUzNWwzNi45MjUtOC4xNDRjMS42NjcgMTQuMiA0LjU4OSAyNC4wMTUgOC43NjIgMjkuNDQyIDcuNTEgMTAuNDQxIDE4LjQ2MiAxNS42NjEgMzIuODU2IDE1LjY2MSAxMS4zNjggMCAyMC44MS0zLjgwOCAyOC4zMTktMTEuNDIzczExLjI2NS0xNy4yNjcgMTEuMjY1LTI4Ljk1M2MwLTQuNjkzLS42NTItOC45OTgtMS45NTUtMTIuOTEtMS4zMDYtMy45MTMtMy4zNC03LjUxMy02LjEwMy0xMC43OTktMi43NjUtMy4yODYtNi4zMzYtNi4zNjUtMTAuNzE3LTkuMjMyLTQuMzgyLTIuODY4LTkuNTk5LTUuNjA4LTE1LjY0Ni04LjIxOGwtMjMuMzEyLTkuNzAyYy0zMy4wNjYtMTMuOTc5LTQ5LjU5OC0zNC40MjktNDkuNTk4LTYxLjM0NyAwLTE4LjE1MiA2LjkzNi0zMy4zMzMgMjAuODEtNDUuNTM5IDEzLjg3MS0xMi4zMTEgMzEuMTM1LTE4LjQ2OCA1MS43ODgtMTguNDY4IDI3Ljg0OS4wMDMgNDkuNTk4IDEzLjUyNSA2NS4yNDMgNDAuNTY0em0xNzcuMTE5LTEuNTY1aC05Ni44NDl2NTguMTAyaDk0LjAzMnYzNC4yOTdoLTk0LjAzMnY4MC44MTFoOTYuODQ5djM0LjI5N2gtMTMzLjMwNHYtMjQxLjgwNWgxMzMuMzA0djM0LjI5OHptMTIzLjI5NiAxMDQuNDU4bDc0Ljc4OCAxMDMuMDQ5aC00NC41OTJsLTY4Ljk5OC05OC45NzdoLTYuNTcxdjk4Ljk3N2gtMzYuNDU1di0yNDEuODA1aDQyLjcxM2MzMS45MTggMCA1NC45NjkgNi4wMDUgNjkuMTU1IDE4LjAxIDE1LjY0NiAxMy4zNjUgMjMuNDY5IDMxLjAwOCAyMy40NjkgNTIuOTM0IDAgMTcuMTI0LTQuOTAzIDMxLjg0Ni0xNC43MDcgNDQuMTY0LTkuODA2IDEyLjMyLTIyLjc0IDIwLjIwMi0zOC44MDIgMjMuNjQ4em0tNDUuMzczLTI3LjcyaDExLjU3OGMzNC41MjMgMCA1MS43ODgtMTMuMjA3IDUxLjc4OC0zOS42MjIgMC0yNC43NDQtMTYuNzk1LTM3LjExNi01MC4zOC0zNy4xMTZoLTEyLjk4NnY3Ni43Mzh6bTE4Ni41MDctMTExLjAzNnYyNDEuODA0aC0zNi40NTV2LTI0MS44MDRoMzYuNDU1em0xODQuOTQxIDM0LjI5OGgtOTYuODQ5djU4LjEwMmg5NC4wMzJ2MzQuMjk3aC05NC4wMzJ2ODAuODExaDk2Ljg0OXYzNC4yOTdoLTEzMy4zMDN2LTI0MS44MDVoMTMzLjMwNGwtLjAwMSAzNC4yOTh6bTE3MS42NDkgMS41NjVsLTI5LjU3IDE3LjU0MWMtNS41My05LjYwNC0xMC43OTYtMTUuODY5LTE1LjgwMy0xOC43OTMtNS4yMTctMy4zNC0xMS45NDUtNS4wMTItMjAuMTg0LTUuMDEyLTEwLjExOCAwLTE4LjUxNiAyLjg3NS0yNS4xODkgOC42MjEtNi42NzcgNS42NDMtMTAuMDE0IDEyLjc0Ni0xMC4wMTQgMjEuMzEzIDAgMTEuODA3IDguNzYyIDIxLjMxMyAyNi4yODUgMjguNTIybDI0LjA5NSA5Ljg3NGMxOS42MDggNy45NDMgMzMuOTUyIDE3LjYzMyA0My4wMjYgMjkuMDczIDkuMDc0IDExLjQ0MiAxMy42MTIgMjUuNDY5IDEzLjYxMiA0Mi4wNzkgMCAyMi4yNTYtNy40MDcgNDAuNjQ1LTIyLjIxOCA1NS4xNjgtMTQuOTE3IDE0LjYyOC0zMy40MzEgMjEuOTM5LTU1LjU0MyAyMS45MzktMjAuOTY2IDAtMzguMjgxLTYuMjM5LTUxLjk0NC0xOC43MjItMTMuNDU2LTEyLjQ3LTIxLjg1NC0yOS45ODMtMjUuMTktNTIuNTM1bDM2LjkyNS04LjE0NGMxLjY2NyAxNC4yIDQuNTg5IDI0LjAxNSA4Ljc2MiAyOS40NDIgNy41MSAxMC40NDEgMTguNDYyIDE1LjY2MSAzMi44NTYgMTUuNjYxIDExLjM2OCAwIDIwLjgxLTMuODA4IDI4LjMxOS0xMS40MjNzMTEuMjY1LTE3LjI2NyAxMS4yNjUtMjguOTUzYzAtNC42OTMtLjY1Mi04Ljk5OC0xLjk1NS0xMi45MS0xLjMwNi0zLjkxMy0zLjM0LTcuNTEzLTYuMTAzLTEwLjc5OS0yLjc2NS0zLjI4Ni02LjMzNi02LjM2NS0xMC43MTctOS4yMzItNC4zODItMi44NjgtOS41OTktNS42MDgtMTUuNjQ2LTguMjE4bC0yMy4zMTItOS43MDJjLTMzLjA2Ni0xMy45NzktNDkuNTk4LTM0LjQyOS00OS41OTgtNjEuMzQ3IDAtMTguMTUyIDYuOTM2LTMzLjMzMyAyMC44MS00NS41MzkgMTMuODcxLTEyLjMxMSAzMS4xMzUtMTguNDY4IDUxLjc4OC0xOC40NjggMjcuODQ5LjAwMyA0OS41OTcgMTMuNTI1IDY1LjI0MyA0MC41NjR6IiBmaWxsPSIjQjkzQjAwIi8+PC9zdmc+");
    }
    body {
      background-image: url("./img/superfeedr.png");
    }
    body {
      background-image: url("data:image/svg+xml;base64,PD94bWwgdmVyc2lvbj0iMS4wIiBlbmNvZGluZz0iVVRGLTgiIHN0YW5kYWxvbmU9Im5vIj8+Cjxzdmcgd2lkdGg9IjE1NDRweCIgaGVpZ2h0PSI0NzlweCIgdmlld0JveD0iMCAwIDE1NDQgNDc5IiB2ZXJzaW9uPSIxLjEiIHhtbG5zPSJodHRwOi8vd3d3LnczLm9yZy8yMDAwL3N2ZyIgeG1sbnM6eGxpbms9Imh0dHA6Ly93d3cudzMub3JnLzE5OTkveGxpbmsiIHhtbG5zOnNrZXRjaD0iaHR0cDovL3d3dy5ib2hlbWlhbmNvZGluZy5jb20vc2tldGNoL25zIj4KICAgIDwhLS0gR2VuZXJhdG9yOiBTa2V0Y2ggMy4zLjMgKDEyMDcyKSAtIGh0dHA6Ly93d3cuYm9oZW1pYW5jb2RpbmcuY29tL3NrZXRjaCAtLT4KICAgIDx0aXRsZT5iYW5uZXItYmc8L3RpdGxlPgogICAgPGRlc2M+Q3JlYXRlZCB3aXRoIFNrZXRjaC48L2Rlc2M+CiAgICA8ZGVmcz48L2RlZnM+CiAgICA8ZyBpZD0iUGFnZS0xIiBzdHJva2U9Im5vbmUiIHN0cm9rZS13aWR0aD0iMSIgZmlsbD0ibm9uZSIgZmlsbC1ydWxlPSJldmVub2RkIiBza2V0Y2g6dHlwZT0iTVNQYWdlIj4KICAgICAgICA8ZyBpZD0iYmFubmVyLWJnIiBza2V0Y2g6dHlwZT0iTVNMYXllckdyb3VwIiB0cmFuc2Zvcm09InRyYW5zbGF0ZSgwLjAwMDAwMCwgLTIxLjAwMDAwMCkiPgogICAgICAgICAgICA8ZyBpZD0iYmFjayIgdHJhbnNmb3JtPSJ0cmFuc2xhdGUoLTE2NS4wMDAwMDAsIDgxLjAwMDAwMCkiIGZpbGw9IiNGMjc2MUEiIHNrZXRjaDp0eXBlPSJNU1NoYXBlR3JvdXAiPgogICAgICAgICAgICAgICAgPGNpcmNsZSBpZD0iT3ZhbC01IiBjeD0iMTY0IiBjeT0iMjE0IiByPSIxNjQiPjwvY2lyY2xlPgogICAgICAgICAgICAgICAgPGNpcmNsZSBpZD0iT3ZhbC01LUNvcHkiIGN4PSIzMjguNSIgY3k9IjMxMi41IiByPSIyMjYuNSI+PC9jaXJjbGU+CiAgICAgICAgICAgICAgICA8Y2lyY2xlIGlkPSJPdmFsLTUtQ29weS0yIiBjeD0iNjI0LjUiIGN5PSIyNjguNSIgcj0iMTYyLjUiPjwvY2lyY2xlPgogICAgICAgICAgICAgICAgPGNpcmNsZSBpZD0iT3ZhbC01LUNvcHktMyIgY3g9IjE0OTMiIGN5PSIzNDQiIHI9IjE2NyI+PC9jaXJjbGU+CiAgICAgICAgICAgICAgICA8Y2lyY2xlIGlkPSJPdmFsLTUtQ29weS00IiBjeD0iMTIyMiIgY3k9IjI2OCIgcj0iMjEyIj48L2NpcmNsZT4KICAgICAgICAgICAgICAgIDxjaXJjbGUgaWQ9Ik92YWwtNS1Db3B5LTUiIGN4PSI4OTkuNSIgY3k9IjM1My41IiByPSIyNDguNSI+PC9jaXJjbGU+CiAgICAgICAgICAgICAgICA8Y2lyY2xlIGlkPSJPdmFsLTUtQ29weS02IiBjeD0iMTgzNyIgY3k9IjM0NCIgcj0iMzQ0Ij48L2NpcmNsZT4KICAgICAgICAgICAgPC9nPgogICAgICAgICAgICA8ZyBpZD0iZnJvbnQiIHRyYW5zZm9ybT0idHJhbnNsYXRlKC0xNjUuMDAwMDAwLCAxNzkuMDAwMDAwKSIgZmlsbD0iI0Y5RjlGOSIgc2tldGNoOnR5cGU9Ik1TU2hhcGVHcm91cCI+CiAgICAgICAgICAgICAgICA8Y2lyY2xlIGlkPSJPdmFsLTUiIGN4PSIxNjQiIGN5PSIyMjciIHI9IjE2NCI+PC9jaXJjbGU+CiAgICAgICAgICAgICAgICA8Y2lyY2xlIGlkPSJPdmFsLTUtQ29weSIgY3g9IjM2NC41IiBjeT0iMjI2LjUiIHI9IjIyNi41Ij48L2NpcmNsZT4KICAgICAgICAgICAgICAgIDxjaXJjbGUgaWQ9Ik92YWwtNS1Db3B5LTIiIGN4PSI1OTAuNSIgY3k9IjI2NC41IiByPSIxNDIuNSI+PC9jaXJjbGU+CiAgICAgICAgICAgICAgICA8Y2lyY2xlIGlkPSJPdmFsLTUtQ29weS0zIiBjeD0iMTM3OS41IiBjeT0iMjYwLjUiIHI9IjExMy41Ij48L2NpcmNsZT4KICAgICAgICAgICAgICAgIDxjaXJjbGUgaWQ9Ik92YWwtNS1Db3B5LTQiIGN4PSIxMTY5IiBjeT0iMjY1IiByPSIxNjgiPjwvY2lyY2xlPgogICAgICAgICAgICAgICAgPGNpcmNsZSBpZD0iT3ZhbC01LUNvcHktNSIgY3g9IjgyMCIgY3k9IjM2MyIgcj0iMjkxIj48L2NpcmNsZT4KICAgICAgICAgICAgICAgIDxjaXJjbGUgaWQ9Ik92YWwtNS1Db3B5LTYiIGN4PSIxNzI0IiBjeT0iNDA3IiByPSIzNDQiPjwvY2lyY2xlPgogICAgICAgICAgICA8L2c+CiAgICAgICAgICAgIDxnIGlkPSJoZXJvIiB0cmFuc2Zvcm09InRyYW5zbGF0ZSg5ODEuMDAwMDAwLCA4Mi4wMDAwMDApIiBza2V0Y2g6dHlwZT0iTVNTaGFwZUdyb3VwIj4KICAgICAgICAgICAgICAgIDxwYXRoIGQ9Ik0wLDI2My42Nzg3ODEgTDAsMzAyIEwxNC4zNjg4MTE5LDMwMiBMMjE1LDEwMS4wNzk3MTkgTDE4OC45MjMyNjcsNzUgTDAsMjYzLjY3ODc4MSBaIiBpZD0iU2hhcGUtQ29weS0zIiBmaWxsPSIjRkZGRkZGIj48L3BhdGg+CiAgICAgICAgICAgICAgICA8cGF0aCBkPSJNMjA3LjkwNTY2LDQ1Ljc4MDIzNDEgTDE3Nyw3Ni44MTc5NDU0IEwxODUuOTgxMTMyLDg1LjgzNzQ1MTIgTDE5My4xMTMyMDgsOTMgTDIzMyw1Mi45NDI3ODI4IEwyMjUuODY3OTI1LDQ1Ljc4MDIzNDEgQzIyMC44NDkwNTcsNDAuNzM5OTIyIDIxMi45MjQ1MjgsNDAuNzM5OTIyIDIwNy45MDU2Niw0NS43ODAyMzQxIEwyMDcuOTA1NjYsNDUuNzgwMjM0MSBaIiBpZD0iU2hhcGUtQ29weSIgZmlsbD0iI0M4NjcxNSI+PC9wYXRoPgogICAgICAgICAgICAgICAgPHBhdGggZD0iTTI5MS43MDIzNjQsMC4yNjYwNjY4MzggQzI4OC4yNDg5NTcsMC4yNjYwNjY4MzggMjg1LjU5MjQ5LDIuOTI2NzM1MjIgMjg1LjU5MjQ5LDYuMzg1NjA0MTEgTDI4NS41OTI0OSwxMC4zNzY2MDY3IEwyNzAuOTgxOTE5LDE3LjgyNjQ3ODEgQzI2My4yNzgxNjQsMjEuNTUxNDEzOSAyNTYuOTAyNjQzLDI3LjQwNDg4NDMgMjUyLjEyMTAwMSwzNC4zMjI2MjIxIEwyNDUuNzQ1NDgsMjcuOTM3MDE4IEwyNDAuNjk4MTkyLDMyLjk5MjI4NzkgQzIzOC44Mzg2NjUsMzQuODU0NzU1OCAyMzUuOTE2NTUxLDM0Ljg1NDc1NTggMjM0LjA1NzAyNCwzMi45OTIyODc5IEwyMzEuOTMxODUsMzAuODYzNzUzMiBDMjMwLjg2OTI2MywyOS43OTk0ODU5IDIzMC44NjkyNjMsMjguNDY5MTUxNyAyMzEuOTMxODUsMjcuNDA0ODg0MyBMMjM4LjU3MzAxOCwyMC43NTMyMTM0IEMyMzQuODUzOTY0LDE3LjgyNjQ3ODEgMjI5LjU0MTAyOSwxOC4wOTI1NDUgMjI2LjA4NzYyMiwyMS41NTE0MTM5IEwyMTQuMTMzNTE5LDMzLjUyNDQyMTYgTDIyNi4zNTMyNjgsNDUuNzYzNDk2MSBDMjE3Ljg1MjU3Myw0Ny42MjU5NjQgMjEwLjQxNDQ2NSw1My40Nzk0MzQ0IDIwNi42OTU0MSw2MS40NjE0Mzk2IEwxOTMuOTQ0MzY3LDg3LjUzNTk4OTcgQzE4My44NDk3OTEsOTEuMjYwOTI1NCAxNzUuNjE0NzQzLDk5Ljc3NTA2NDMgMTcyLjE2MTMzNSwxMTAuNDE3NzM4IEwxNjIuMDY2NzU5LDE0MS4wMTU0MjQgTDE1OS45NDE1ODYsMTQyLjA3OTY5MiBDMTQ5LjA1MDA3LDE0Ny42NjcwOTUgMTQwLjAxODA4MSwxNTYuNDQ3MzAxIDEzNC40Mzk0OTksMTY3LjYyMjEwOCBMMTI2LjczNTc0NCwxODMuMzIwMDUxIEwxMjAuODkxNTE2LDE4MS45ODk3MTcgQzExOC41MDA2OTUsMTgxLjQ1NzU4NCAxMTUuODQ0MjI4LDE4Mi43ODc5MTggMTE1LjMxMjkzNSwxODUuNDQ4NTg2IEwxMTAsMjA3IEwxMjAuMDk0NTc2LDE5Ni44ODk0NiBMMTMwLjk4NjA5MiwxODUuOTgwNzIgTDEzMi4wNDg2NzksMTg0LjkxNjQ1MiBMMTU1LjE1OTk0NCwxNjEuNzY4NjM4IEwxODguNjMxNDMzLDEyNy43MTIwODIgTDE4OS45NTk2NjYsMTI2LjM4MTc0OCBDMTkxLjgxOTE5MywxMjcuNzEyMDgyIDE5My42Nzg3MiwxMjguNzc2MzUgMTk1LjgwMzg5NCwxMjkuNTc0NTUgTDIyMy42OTY4MDEsMTQyLjA3OTY5MiBDMjE2LjI1ODY5MywxNDMuNDEwMDI2IDIwOS4wODYyMzEsMTQ2LjA3MDY5NCAyMDIuNzEwNzA5LDE1MC4wNjE2OTcgTDE4OC4xMDAxMzksMTU5LjM3NDAzNiBMMTg0LjExNTQzOCwxNTUuMzgzMDMzIEMxODIuNTIxNTU4LDE1My43ODY2MzIgMTc5Ljg2NTA5LDE1My43ODY2MzIgMTc4LjI3MTIxLDE1NS4zODMwMzMgTDE2My4xMjkzNDYsMTcwLjU0ODg0MyBMMTc1LjYxNDc0MywxNjcuNjIyMTA4IEwyMjEuNTcxNjI3LDE1Ni40NDczMDEgTDIzMi40NjMxNDMsMTUzLjc4NjYzMiBDMjM0LjU4ODMxNywxNTMuMjU0NDk5IDIzNi40NDc4NDQsMTUyLjE5MDIzMSAyMzguMDQxNzI1LDE1MC41OTM4MyBDMjQyLjI5MjA3MiwxNDYuMzM2NzYxIDI0Mi44MjMzNjYsMTM4LjYyMDgyMyAyMzguMDQxNzI1LDEzMy44MzE2MiBMMjEwLjE0ODgxOCwxMDYuNDI2NzM1IEwyMTguNjQ5NTEzLDEwMC4wNDExMzEgTDI1MS44NTUzNTUsMTAwLjA0MTEzMSBDMjUzLjQ0OTIzNSwxMDAuMDQxMTMxIDI1NS4wNDMxMTUsOTkuMjQyOTMwNiAyNTUuODQwMDU2LDk3LjkxMjU5NjQgQzI1Ni4zNzEzNDksOTcuMTE0Mzk1OSAyNTYuNjM2OTk2LDk2LjA1MDEyODUgMjU2LjYzNjk5Niw5NC45ODU4NjEyIEwyNTYuNjM2OTk2LDkwLjE5NjY1ODEgQzI1Ni42MzY5OTYsODguNjAwMjU3MSAyNTUuMzA4NzYyLDg3LjUzNTk4OTcgMjUzLjk4MDUyOSw4Ny41MzU5ODk3IEwyNDkuMTk4ODg3LDg3LjUzNTk4OTcgQzI0Ni41NDI0Miw4Ny41MzU5ODk3IDI0NC4xNTE1OTksODkuNjY0NTI0NCAyNDQuMTUxNTk5LDkyLjU5MTI1OTYgTDI0NC4xNTE1OTksOTQuMTg3NjYwNyBMMjM0Ljg1Mzk2NCw5MC45OTQ4NTg2IEwyMzEuNjY2MjAzLDkwLjE5NjY1ODEgTDIzNS4zODUyNTcsODcuNTM1OTg5NyBDMjQxLjQ5NTEzMiw4My4wMTI4NTM1IDI0NC45NDg1NCw3NS44MjkwNDg4IDI0NC45NDg1NCw2OC4zNzkxNzc0IEwyNDQuOTQ4NTQsNTYuMTQwMTAyOCBMMjY4LjA1OTgwNSwzMi45OTIyODc5IEwyODUuMzI2ODQzLDE1LjY5Nzk0MzQgTDI5Ni4yMTgzNTksNC43ODkyMDMwOCBMMzAxLC0xLjQyMTA4NTQ3ZS0xNCBMMjkxLjcwMjM2NCwwLjI2NjA2NjgzOCBMMjkxLjcwMjM2NCwwLjI2NjA2NjgzOCBaIE0yMzMuNTI1NzMsNTQuODA5NzY4NiBMMjMzLjUyNTczLDU0LjU0MzcwMTggTDIzMy41MjU3Myw1NC44MDk3Njg2IEwyMzMuNTI1NzMsNTQuODA5NzY4NiBaIiBpZD0iU2hhcGUtQ29weS0yIiBmaWxsPSIjNDcxMzA1Ij48L3BhdGg+CiAgICAgICAgICAgIDwvZz4KICAgICAgICAgICAgPGcgaWQ9ImZyb250bW9zdCIgdHJhbnNmb3JtPSJ0cmFuc2xhdGUoLTE2NS4wMDAwMDAsIDI2My4wMDAwMDApIiBmaWxsPSIjRkZGRkZGIiBza2V0Y2g6dHlwZT0iTVNTaGFwZUdyb3VwIj4KICAgICAgICAgICAgICAgIDxjaXJjbGUgaWQ9Ik92YWwtNSIgY3g9IjIzNi41IiBjeT0iMjM2LjUiIHI9IjIzNi41Ij48L2NpcmNsZT4KICAgICAgICAgICAgICAgIDxjaXJjbGUgaWQ9Ik92YWwtNS1Db3B5IiBjeD0iNTEzLjUiIGN5PSIyMDAuNSIgcj0iMTI3LjUiPjwvY2lyY2xlPgogICAgICAgICAgICAgICAgPGNpcmNsZSBpZD0iT3ZhbC01LUNvcHktMyIgY3g9IjEzMDIuNSIgY3k9IjIzNC41IiByPSIxMTMuNSI+PC9jaXJjbGU+CiAgICAgICAgICAgICAgICA8Y2lyY2xlIGlkPSJPdmFsLTUtQ29weS00IiBjeD0iMTA1Ni41IiBjeT0iMjM0LjUiIHI9IjE4NS41Ij48L2NpcmNsZT4KICAgICAgICAgICAgICAgIDxjaXJjbGUgaWQ9Ik92YWwtNS1Db3B5LTUiIGN4PSI3NjYiIGN5PSI0MTIiIHI9IjI5MSI+PC9jaXJjbGU+CiAgICAgICAgICAgICAgICA8Y2lyY2xlIGlkPSJPdmFsLTUtQ29weS02IiBjeD0iMTUxOS41IiBjeT0iMzQ4LjUiIHI9IjIxNi41Ij48L2NpcmNsZT4KICAgICAgICAgICAgPC9nPgogICAgICAgICAgICA8ZyBpZD0iZGVjb3MiIHRyYW5zZm9ybT0idHJhbnNsYXRlKDU2Ny4wMDAwMDAsIDIxLjAwMDAwMCkiIHNrZXRjaDp0eXBlPSJNU1NoYXBlR3JvdXAiPgogICAgICAgICAgICAgICAgPGNpcmNsZSBpZD0iT3ZhbC1Db3B5IiBmaWxsPSIjQzg2NzE1IiBjeD0iNjg3LjUiIGN5PSIxNC41IiByPSI1LjUiPjwvY2lyY2xlPgogICAgICAgICAgICAgICAgPGNpcmNsZSBpZD0iT3ZhbC1Db3B5LTIiIGZpbGw9IiNGRkZGRkYiIGN4PSIzNDcuNSIgY3k9IjIzNi41IiByPSI5LjUiPjwvY2lyY2xlPgogICAgICAgICAgICAgICAgPGNpcmNsZSBpZD0iT3ZhbC1Db3B5LTUiIGZpbGw9IiNGRkZGRkYiIGN4PSIxOC41IiBjeT0iMTE0LjUiIHI9IjE4LjUiPjwvY2lyY2xlPgogICAgICAgICAgICAgICAgPGNpcmNsZSBpZD0iT3ZhbC1Db3B5LTQiIGZpbGw9IiNGRkRGMDAiIGN4PSI3MDIuNSIgY3k9IjE4MC41IiByPSI5LjUiPjwvY2lyY2xlPgogICAgICAgICAgICAgICAgPHBhdGggZD0iTTUzOS40NDIwMjksMjYuNDQyMDI5IEw1NTQsMjAuNSBMNTM5LjQ0MjAyOSwxNC41NTc5NzEgTDUzMy41LDMuNTUyNzEzNjhlLTE1IEw1MjcuODU1MDcyLDE0LjU1Nzk3MSBMNTEzLDIwLjUgTDUyNy44NTUwNzIsMjYuNDQyMDI5IEw1MzMuNSw0MSBMNTM5LjQ0MjAyOSwyNi40NDIwMjkgWiIgaWQ9IlNoYXBlLUNvcHktNCIgZmlsbD0iI0ZGREYwMCI+PC9wYXRoPgogICAgICAgICAgICAgICAgPHBhdGggZD0iTTk3LjYzNzY4MTIsMjE1LjYzNzY4MSBMMTA5LDIxMSBMOTcuNjM3NjgxMiwyMDYuMzYyMzE5IEw5MywxOTUgTDg4LjU5NDIwMjksMjA2LjM2MjMxOSBMNzcsMjExIEw4OC41OTQyMDI5LDIxNS42Mzc2ODEgTDkzLDIyNyBMOTcuNjM3NjgxMiwyMTUuNjM3NjgxIFoiIGlkPSJTaGFwZS1Db3B5LTYiIGZpbGw9IiNDODY3MTUiPjwvcGF0aD4KICAgICAgICAgICAgICAgIDxwYXRoIGQ9Ik04NzIuODIwMDg0LDE4Ni4zMTQ1MjggTDg3OSwxNzEuODcwMjQgTDg2NC41ODAxOTUsMTc4LjA2MDY0OSBMODUwLjE2MDM5MSwxNzEuODcwMjQgTDg1Ni4zNDAzMDcsMTg2LjMxNDUyOCBMODUwLjE2MDM5MSwyMDAuNDY0MDM0IEw4NjQuNTgwMTk1LDE5NC4yNzM2MjUgTDg3OSwyMDAuNDY0MDM0IEw4NzIuODIwMDg0LDE4Ni4zMTQ1MjggWiBNNDkwLjE4NTQ5NSwxMjUuMzE3MzQ4IEw0OTQuODk0MDAzLDExNSBMNDg0LjI5OTg2MSwxMTkuNDIxNzIxIEw0NzQsMTE1IEw0NzguNDE0MjI2LDEyNS4zMTczNDggTDQ3NCwxMzUuOTI5NDc4IEw0ODQuMjk5ODYxLDEzMS4yMTI5NzYgTDQ5NC44OTQwMDMsMTM1LjkyOTQ3OCBMNDkwLjE4NTQ5NSwxMjUuMzE3MzQ4IFogTTc4MS4yMjg3MzEsMjM5LjIyMDAyOCBMNzg4LjI5MTQ5MiwyMzYuMjcyMjE0IEw3ODEuMjI4NzMxLDIzMy42MTkxODIgTDc3OC41ODAxOTUsMjI2LjU0NDQyOSBMNzc1LjkzMTY2LDIzMy42MTkxODIgTDc2OC44Njg4OTgsMjM2LjI3MjIxNCBMNzc1LjkzMTY2LDIzOS4yMjAwMjggTDc3OC41ODAxOTUsMjQ2IEw3ODEuMjI4NzMxLDIzOS4yMjAwMjggWiIgaWQ9IlNoYXBlLUNvcHktNSIgZmlsbD0iI0ZGRkZGRiI+PC9wYXRoPgogICAgICAgICAgICAgICAgPGNpcmNsZSBpZD0iT3ZhbC1Db3B5LTMiIGZpbGw9IiNDODY3MTUiIGN4PSI3MTUiIGN5PSIzMDAiIHI9IjE5Ij48L2NpcmNsZT4KICAgICAgICAgICAgPC9nPgogICAgICAgIDwvZz4KICAgIDwvZz4KPC9zdmc+");
    }
  </style></head>





  <body>
    <h1>grunt-sri-hash</h1>

    <p onclick="alert(&quot;test&quot;)">Hello world! This is a test.</p>

    <p>'../php_includes/googleTracking.php'</p>

    <!--?php
    //google tracking code
    include '../php_includes/googleTracking.php';
    ?-->

    <h2>This is a background image</h2>
    <div class="backgroud-test-image"></div>

    <h2>This is a SVG background</h2>
    <div class="backgroud-test-svg"></div>

    <h2>This is an image not inlined when inlineImgFileLimit is set</h2>
    <img src="img/imouto-logo-large.png">

    <h2>This is an image</h2>
    <img src="data:image/png;base64,iVBORw0KGgoAAAANSUhEUgAAAfQAAADICAYAAAAeGRPoAAAZy0lEQVR42u2d7bWkOJKGo8eBkQl4sHgwGgsWDxYPFhPwINeDNCFnLaDaAmYtyFkL6LWg9keRfbOyAH0LAc9zDqd6erruBX3EGxEKSb99//5dAAAA4Nj8hSYAAABA0AEAAABBBwAAAAQdAAAAEHQAAAAEHQAAABB0AAAAQNABAAAAQQcAAEDQAQAAAEEHAAAABB0AAAAQdAAAAAQdAAAAEHQAAABA0AEAAABBBwAAQNABAAAAQQcAAAAEHQAAABB0AAAABB0AAAAQdAAAAEDQAQAAAEEHAABA0AEAAABBBwAAAAQdAAAAEHQAAAAEHQAAABB0AAAAQNABAAAAQQcAAEDQAQAAAEEHAAAABB0AAAAQdAAAAAQdAAAAEHQAAABA0AEAAABBBwAAQNABAAAAQQcAAAAEHQAAABB0AAAAQNABAAAQdAAAAEDQAQAAAEEHAAAABB0AAOBE/Fb4+2kRqUVEicjf3v6dDd/mP/8pIv87//mNLgcAAMgj4DcRGUXke6JnnH9HQ3MDAADEoxGRu4hMCUV87Znm3424AwAAeFDNUfIeIr4l7rf53QAAAGADPUfE3wt/HmK/Vg8AAHCpiHw4gJB/PoP8KMoDAAC4NOogEbnpuc/fAgAAcDk6KWuNPMYae0e3AgDAlaLyI6bXXdLwFd0MAABnpjlZVL4VrTd0NwAAnJHbBYT887nR7QAAcBaU/Njm9f2izyAUzAEAbFHRBOkJPctdCVu7RH6cE/93EfmDIeU10Sv5OrP/kz/m9n39CQDHol4IfD7n8+/zn9/e5jtkjsxTnrl+tGfEsbEW8FZ+ZHUmz3Z+yI8dB7Q3fKJFpJ8FZHobMw1Ns5uY+87zlubLE6HvEZm/PLf/E/OtaVpE/jq/n874jn/MkTqR5K80IvIfCQzrHyLyDxH57/lPuJ6D2IjIv1vM9d9ort0jc1f+NT9rc/93Efkvmrr8yHycPe060sDqMr63Ypj8SSsiT8u2e84GYPDsq9dlO6mdOB1xbIKfDXKdzxSwHiMy9z34CwoU8+dsKKvEHn3vIDKIur/obbXxMPeDtmireo7CerE/4+A5G/0U/fBuqFrMQtYsj2sB7jSPG8hLzuXYieb2I1U1+3Mnw9gmHHjDhZ2+RwaR1XPUNYqdQY/pJH5GHhWmIel4cnXAn8K1yK8sxh6ZpE7y1i/hsHnQn0jIl4Q9RcR+tTRfs5JmS93P9dzWpj68W4pvJ1+p/6X3vgvp3NRU4n4PxF1YBlmLkHOO0ZTZT5/sSz3/d51wi+afhjqFV6UK+84UTstVooRbIf3ciDktb3onk0NSLfz/EM85cxXyJ4b6lwBlz7XmVOI9zHamc3Tc7iuOgLri4FASt7ih9O1dtcRNw09y7pRstdJee/ezKcLbumxn3BCO24rjVx+ov14RVElnSFTit6RHvcqvPHYOMGIXvDWJ2uMpF1yWecj1riFVEvfa17Oupzcrzl5JKWiTsC9Fd42HE3uUtPtStFKy43VUMa92dOSfhvFeuqBP83yqItop1uAlbqq9O1Hq6irfv8VNjnVpjUk4Hh/iUInb1qiXESo9Up823j1n3ykJu/+hZDHvdxaLvZcBfYLAaf57bSZHdimdr88s5kripdrbA7dDLFGf5BypwUrWU+zVAd6/lvU19jWHxDWKfO4gkLZz2vTuORySbsO2jJaCUKrjpGXffdI2ffzIYCM6+dpmuvT08rVtNZfdMM3h8czReqzb09oTtEUsUT/6AQj1hiGuDvYtzca3PFacr0rct1C9DrtpC3DotOy780RvZDymtzYyZUVKXt647zz3teW4PEpwEduu2DiL3dnEvELMk4l6fdDvXxPzIx/coTYc15tFe3TivkXnsaO4146OSB2xne8GgVZiV5BaeqZr2tmhtxX05gBz85VJ05F/rs0y2lCIE54lNXHFNeNYon7UArnxxA6bXhFmnXhM7CHuuZ3ydkPkXlX2Suy3jD4KNrI2DlOoXWzmn1EFjsfSs4UPSbdEoMW94PWwwh4jOj/z2boxnB19sG9Wcv7K0DXP3WZr15Iz4Lr1MZe4+xz60Xraka1ahfefOYhfUdyrTqEUY2u7TFlH+PlrGRTbdyj5uNQlwY3dx6Oca7t1MsE6+75QJeH71I/k8FQL3zucuG8HDyesW4nElHxdFeu65p7KePhuQ3UR9W4jKl+KdpSEF+A+52/rxe5+gD2dpTFSduUR6LA1B9Kg2O/qUyO29xbPXaLzQ3oxCVJrpqc6wHe2C4b27AflrE323uAITAaj7SPuQwJD1km6mpitqHw0OEUxz31YOl3sJfSp7FPj+G59JJujAux3qYHFKOkLIUPmwWGyk33gBDrMhxbQVqUfRNLK+QsdTeJ0l69tNtojqqg2HIDWIdMTs/K8lrDlgc4jKrexC41FG2jxS89vXdX7iuo/n9ZR/B8LYhnTqdeWotyeILDIcSCOlvBMdPHB6zNwgii5FiHtVfqVfw+5Vm1EiuxWZ/n3esuxFOsM6qcsV/T6nPi4FZW7pChN0WX3YYxjCbtNlsT0DWolOxNzP3jrEBy4tE+JQViO7G+10o6u4yrGfCwiZXTVyC1mmzWFftdaFAfbDIFtVs9iabOeHLLOfpflmggXUX8aonKfanTXfdNa0qTqXaPDdkVgbcRBW7bNZ0GcTfvUYr6F8HkA25MqqzmtBCyu2dciL3u5JxzwVzLiR1/DUgsG4Cyn3KWmjZjSbC3H1iju1fGNrBc5agkrUAu5+cx3niiH9vJ9XLJZzYIIh25jHT7+zt0xoGo3+jV1YFHNY6KV5eWNfv7/tCFImj7G6fuxxT72adjQMdusWbH3lYRM4vbCRjwkSi8x7f6QaxY6pppHoSnNysG42N5MpQwOuRK/avhQYxZDcNRs7Pv5G4Y3w/18+98u9s4UsKxFy7XE28a6lOadHB2DKkNgoeb+8klfu2Q1+wjzrLfIdFTit1NF72mENNF5ECFr6bqg7+hw1oK5JZwfjaVheZ0lXzmM2TW7MEi+GprBIzr2yXy4ztfeM9thm8EzjRG1Mic7D2EeEgQWykP0Qg/miiHo2sMeN2Kfzd7teuJeqGyPLYRHq3avhSK4WOnF1BkOl6h9lK898VuGXRsMn01EG+r8DZLmZEWX9nI9V+PTges8g6XWQXj0RpuZ3reXeGl3Wwcz9tMtfEfl6Yj46tnLibHZIZI9DR+SGqmw4UH790spNhuFXQup2jKlY+RiVN9PoxvEviLfxeEPcVCniAFDjKjR5pCs0cJ5s82qbGUVtvaeuyzzaAlLuytH52iUn29Xa+Z3WHsah58bI4sTY67WFlH7JBmPQz+6GJVAiFO0N72wbh6TVvLXSrhGoZPYbaFqJV+xZ+iSlHJMiYaKubLsZ2XZL63l/DRlCJ8egj5ZjC+bdn3M76MDxvIjow29R8wIvebgJGmKRr1TrVe+gMWXTo65jl4LyyixUbLvFkXfVGhlGZm/roPdEqlB4mxbsxHV0Ejcd8tdY+kU2drZNTG5Wfw3g4ND7rLPW1sI+UPi1to0kk/Q+wQBlrIQ9ockym63AQOfKO74jlHo3mmwizIeO7yDa9Q+zsa0Wck4jQ6i73Ovg20aupJ0RVguzmzvOI9tnH5tmKPDRpvYVr3bLJdoi6zjXdItubrWO/iiPZxIV2E37V9Pnm49Sqq4NHy3/u1VGNfipGVtW7Xj+9hEWr5p9FrWi4NsRV0ZItZXJJ5qr7nPUZ6Dx9x5eLTzYGkress+Mx0xbCr0ShZdBmQ8fbOcKkPGtDLMvahpeN8JMggcvS2fUmbF/VkdvHan99Bvj4+o2xZI3gJEXa84uo2kraQOiZImjwBHWTj+1cY8Nb3raJE1iOH8dIkdVJt2ijW3cs1TbXCWHjHa1FeEMP7xsh17pLlb4TS41MQsuPE1ijHE8HXMa2U5riYPp1VL/u1Pt4AxrwLmsCn67DYE2CQ29UL7N5EFPVYbus6fVKdufmpgn3hedhvOyhTqUFAQlzbNWuLyxZL329N90Wlkv22etYQdeBSyp7ZeMVj3RHPHNSK/RegHLWE1EpODg++aDjY56ynatE4whivHd/B1LG47BKsmZ9s7Wj/DCWelEBJllJBJeO0ZfV0p2Qhr6qFMOzjCnaQVRZtotFpJL7aRs1suWYY+YjTZeTjE9fz3HuKWdvexu/cNkUrlKKWwFS5Reh/JHubMpOkNx3sSj90xCPq1BF2JX/HeIF9rmoqu9jZIY+K+zXH7mO38V5ai3ki6YrdB0mwZ7DfERMvXaWaDuN03/+n4Kc8Mz1LbtwkF3WdXQylRupb9l8a2LvJxyhiwZS0upbdnF3HyIvDu6c9UaffKUzhSnxBpEnVfBzNHWn2Lx8J8iNn+44rYuI6JpStCU46LFKcipl5L11LGpVlb0bq1s8SWtTIEPVfGI+W2n57MzaKgpa4/qROI4ppQPjyczzVR7yMLzCD5dhIMksdp0oF217d9Q7ImbYI5NEl8Z3PLbu9pL24SsKyBoF9L0HNFcO8RfHXxMfGQdGn3NlH/9fLzudsqgqF6JhxrucfYM8Mc6iMIeuPp7DUWUWPOjGPj6NgdVdBNmVTjurrvYCPNiqD7RFD32VC18vNa4/u/0ydzAlpJk3a/JeyrFJW+KTMJ/UHmuWtGpJXwtV0fZ+ozdd2LexFibI14JLSnNtcJ58JmnrRHFaAjUR/AQcq5zhrTEXi/sUnLsWo4KombdlcS77CVYcPYpygoa+RY67d7O8a2x7nGFMO1Y3drR/sR2yl8SLoo3eU64b3FfFPUEfR4aCl/CaOWfJXQuQzeUuRfWgbp0xD6nu1eBTpl09xWzVsb3Sz/ThuhXbvE4+GRqe/3cmxDnErXKLtecSbvO+iESqxRJQi6TwZLxxqYLfodNfrIjZr78H7QqN0l0njfW/+Z2s8V6fcRsjLaM2X9LuK2SwKmo1J9RTNH8d6YuF/rncZyjAt+Yi1jNJZ9GSv13krajM1jZ0GvA+Z2HSMF26PfVkbbtlNKSQ2/hK55E8D35/6WAv98Jjm+AzAYHICYIuCSzu48v8Umqq5XxqSW9Upn3zPQB8mXuWkSzRMt23fLpyySy2mjRotxY6MfMRwR3yWmyrNdcgp6K+EOrAqdYA+BT3xT2Ve56EbJzxeFfD5rTsRtwXl4Sjni/57y72W9qO/pEUG4pjh992BvGfMtYX96ZOs++3zrXOsSi+X0gvHvMgh7n+j9QwTRdnzeA+1G6jbbQ9CVxFv+vIWK0BP9/gXfbMedpouSstLyc+X8befswWvfdrsy154W3zQ6zMcuIL25JNhLQjBsRAm+RvC2YaQq+TouNcTxqiKONb1i/CtJu3wV0zmxnQ+2hW1dwvfvJGzJrURBrxOMFR2SJs550cRRos+jbLlB+H8W/JyHstjOoc7BYLUR2mXJDjQbgjZKvLuytyLG+mOOtZ7iHjMFrw3GP9V2wibiPKgss7NPx3bx3m61wTNDu+UU9F7S1QsFVWa36MOfNIVMVPB3yF7R/T1jRN8FGNo28fg1ZY7aDWNrcyubjaCvnY6l5rZzjXJc3stX0F/tGXsMxRYZneD32kSeLtvZWoPdjJUBzSHoKaLyX7JqIZElqeIvQtZCyHScpy9DalFsPPfYQr6VYbK97KJbES/biniTsJiOvKwd++wZaLBtBD2FAa8T9LtNtuPuMZYeEX6m2nCKRsdsiGkMphR0JWkPgfqlFss3pTFh+//E1xunFuG6Yv4u0E+LudYn/va189ZtjVYvflvdbCPF2vIdbO3ZTeLczqUDxW3vra02YlMl+LmmC0ceFlG+suxvkxOcStC7yJmaUX7egdPLwvHaIUasRQOC0u1kOa4j5q8zx32O4VQ7fb+rw1lttONaBb5eiDR6CVsHby3b2SdadxH0d8NeqqDbOFS+zmRrELS17ItpLmrH9zftyoot6K2Er/0/53boXN+njRHmX5gQDxyHaH+UpF/bGt5E2Xar6Chl7If1GaPa8J0P+fkCkCWbEuN9tGV7u0TrPoIuEp6CT0ltECDfu8Ztfva7w2Cb0XC1waZscixBDxHy9xMZq1CDluNu5DNS0XaHJtTI2kzQT+Ngk17vChrLIWdOaAuhGDaChHskJ8NG2G2jdV9Bf9lan/XUMUP/mzKNfcDPVhbtb7vjZFj5+aa/qx0Evc4k5M95PNSxOzPkBKcrp41D0rSjwJ5oiV+J/EoX156p19h7pl1ZM0oq8Oe2Dm39abBHiVe/01gYXtN58DGiucZj7O3Z/7FqpmIUh/Wec6t3yLKmFPJkIm6TbiPSTBeddwJ70Um8dfFewtdRp0LGw5rBbSL8bNvo9LXW3hqirybQ3pnWdpuEgu6THcqBSQdijAMfZ8Y2en56BlCDQ1urea66CPmUQ8Q/X3LviwOuFJ2Tbt8HFdhvPjeP2aQbS3HumgxZOO1gDF9p8HpBBEYJyxwoMW8VXDoop5V4BVTKQdRzicFW38S6ErUSv6Wup8XY8nGKbAS9mseLizPykB3PGQkVKC3XQQsO0NGoPY2I6bYyMRiA8UDjQUmeLao2Ts6nkOgEov7qp4dD9qSObPdsRb0rwLbFLoJ2TcG3Fj9z8NCorXvna3E/56CTAq5wDhWpp5R3D3Uqo5fjOEKIRy95RNzWsDwTC2YIY8Yx63rxzJLwjpHsjilz8F7fcJfw6u9P0TBFfjlrlVrJt6vJNmMzOvw813X0pW9sxP7Uxn5us7o0wxcqVDc5P6GFHRwmk9dJdYnKY6XI1IaB7lbmWl34+E61RTXG/v+Y79ZbRuu1xF02awqzG83CGE5l35Vsp7MHR8dpcMiEVQvtbKuDxReEtxEm15mjzyZC+7QCqakchCJFimytMvtdtB9S5jr6VoRTJfh9tcQpULxHHj+D2J0rkNO5yY2Sr9sLe0mfgVWzfXxdnHTz1BPt4BS5at5rq2V3FGMYGqWbzl4+KjZpMaLz42RQhkTOZ2s5J3opt64i90FSJd5IJrJ9dOeU4PcpQ0ZJM72DnOqlLZi2jr9pO+Opo/SzraebJhrReRkOl83YHSTv9Yhre8sbKXcd/ZFZVJbWxH2WtqYEdscUrcc+mncrcEDQw3VMe2SHDr+UHEO8RjmHqMcSc6LztH1kyp6kFvJ3Aehl+4CZ13+319Ykm8g01/YpvWE8tbhnDNuEbTJtzO2Y7WIjRmC2CVs1LLWYD9K5y0m2F2uJd/CGOvigiHU0KJMxTf/cDRPzWXDbT4VmcGrJVwT0aWv6hT52uS8h5dJFZbAHXWJRV0z54EzTYBhPo7idM3EYYt0+Ncox19RNk5d95+WP0b7w9x+k3KrZXBW9jWWfNeJ/1ndseslTMPf+zdzMGC/TkasmorjoJ9ZZ19PBItQ68rfjWeedrLFToLmEoaRlmTFThql3cH6VhROX6wZIvZEZimnvKjlR6neHoOzKhdxG7znVwfol0UX+5oZ5FZ2bnKMadWl+lWK4P7MHXSZBtxHkah4DT9k3G6ZkO33bMVV3xxSYXUbMbYyn7yEQJXqblYTdOsdNdHkM6Hhwh9EUQbSFOrapIt8+8PeoORrWO9qVdkM4Drvd6SQMiPmvpLgzui9koCtxP3T/SlX+pVDLdorzqJmQqVAnsPp4t1SRby7HIcf4XLOTR1kCOiO9kD01Tu5Yz7RzRNJK+EE6a99VMZeyjL+jR0CD+J1ZnYNmnh9DQkGq5TxZLSXra/x72zoEnTNBfpl4KUT9Ndj7TCJYzb/rmehbStpPfAaUrB+l2p7U4Fwts/MugvoE39PJte+7KIlGzrHrKllE+z3x85D4+wDV/DMfGd4fLzwuDzn32pcWUoEvR7s60ffUG0EDy3F5AwI9Pwj5TqL+PvBv8+908dy1fB3yP2Z8X8Q8T6RTn8zgEMWdV0zWirJYV4dLivpapfzSs+c7IebxI7alJZ7+hN86Srnr6BDO2k4h1tUBUS/wYVLGZ1jJ2FzF4CuGwKloZL0Gie2tUARa0hXKHeE5/XGBO9HJtc7Db4R19CtQy/oS4CjsjIFCBmnKivFSH9bA0lCtOIlnXldWwjr6VVCyXpx72YNO4DiD9IxPzAsY4Gd6uU6q/Z1BWEe/Ep2whAcHHqRneTq6OaugX+XozKW5UzEcTk0t60uWiDoUM0j3rjhPtYWupnuTo+fxc5Nr3SFfYdQviZL1dXX6H4qKOM5QMDcRlUMmSLtfl7UjYzVNAyV5n7Fva8v53IW1cshHKyzxIOrcCwGFU214oKUKOZMI9nCAlww6XIel9PtAs0Cpwt5Lman4ac4mIORQmkHXNMtl0ELqHQ5IK2VsdXtdBgNQAh3G/PIs2UVOk4NDoN7EPUfkPkmaG90AYs2H94OanjTJ5agWbCFpd9jkt0Lfq54jkn+bB3ZodPLP+fkfEfk2/zNA6aLezf/8D8bsJWnmwOPFNxH5O80CRxP0NY+1mv/ZJPDf5j//NT8AAEekFpH/nG3f73LOmwYhlqB///6dVgAAADg4f6EJAAAAEHQAAABA0AEAAABBBwAAAAQdAAAAQQcAAAAEHQAAABB0AAAAQNABAAAQdAAAAEDQAQAAAEEHAAAABB0AAABBBwAAAAQdAAAAEHQAAABA0AEAABB0AAAAQNABAAAAQQcAAAAEHQAAAEEHAAAABB0AAAAQdAAAAEDQAQAAEHQAAABA0AEAAABBBwAAAAQdAAAAQQcAAAAEHQAAABB0AAAAQNABAAAQdAAAAEDQAQAAAEEHAAAABB0AAABBBwAAAAQdAAAAEHQAAABA0AEAABB0AAAAQNABAAAAQQcAAAAEHQAAABB0AAAABB0AAAAQdAAAAEDQAQAA4MX/A35ggKLvSJj7AAAAAElFTkSuQmCC">

    <h2>This is a SVG image</h2>
    <img src="svg/disable-wysiwyg.svg">

    <svg width="60px" height="52px" viewBox="0 0 60 52" version="1.1" xmlns="http://www.w3.org/2000/svg" xmlns:xlink="http://www.w3.org/1999/xlink">
      <!-- Generator: Sketch 50.2 (55047) - http://www.bohemiancoding.com/sketch -->
        <title>icon-product-bayesgear</title>
        <desc>Created with Sketch.</desc>
        <defs></defs>
        <g id="Page-1" stroke="none" stroke-width="1" fill="none" fill-rule="evenodd" fill-opacity="0.5">
            <g id="Homepage-#8" transform="translate(-685.000000, -719.000000)" fill="#000000">
                <g id="product-1-copy" transform="translate(653.000000, 695.000000)">
                    <g id="icon-product-bayesgear" transform="translate(32.000000, 24.000000)">
                        <polygon id="slice-1" points="0 37.7956508 35.6454255 25.8461403 59.6392526 39.2743701 23.9938271 51.2238806"></polygon>
                        <polygon id="slice-2" points="0 29.2583374 35.6454255 17.3088268 59.6392526 30.7370566 23.9938271 42.6865672"></polygon>
                        <polygon id="slice-3" points="0 20.7210239 35.6454255 8.77151339 59.6392526 22.1997432 23.9938271 34.1492537"></polygon>
                        <polygon id="slice-4" points="0 12.1837105 35.6454255 0.234199955 59.6392526 13.6624298 23.9938271 25.6119403"></polygon>
                    </g>
                </g>
            </g>
        </g>
    </svg>

    <script src="http://ajax.googleapis.com/ajax/libs/jquery/1.9.1/jquery.min.js?sri-hash"></script>
    <script src="//ajax.googleapis.com/ajax/libs/jquery/1.9.1/jquery.min.js?sri-hash"></script>
    <script>console.log('This should not be replaced.');</script>
    <script>var appFunc = function(i) {
  return i;
  console.log("This is an uncompressed JS code")
};

console.log('lol i am test script, really');
</script>
    <script>var inlineFunc = function(i) {
  return i;
  console.log("This is an uncompressed JS code")
};

console.log("Only this file should be smooshed if `includeTag` is defined.");
</script>


</body></html>
